(ApiServer_2 pid=914051) INFO:     127.0.0.1:33812 - "GET /metrics HTTP/1.1" 200 OK
(ApiServer_1 pid=914050) INFO:     127.0.0.1:33850 - "POST /v1/chat/completions HTTP/1.1" 200 OK
(Worker_DP1_PP1_EP1 pid=915289) INFO 03-13 13:10:35 [worker.py:393] !!!!! PP handoff disable_tp_all_gather tp_world_size=1
(Worker_DP1_PP0_EP1 pid=915288) INFO 03-13 13:10:35 [model_runner_v1.py:1196] !!!!! StageEvents.create stage_debug_id=stage-fffc64186c00-tokens-4103-pp0 num_tokens=4103 num_reqs=1 is_last_pp=False
(Worker_DP1_PP0_EP1 pid=915288) INFO 03-13 13:10:35 [model_runner_v1.py:1333] !!!!! DefaultStream execute_model.forward.begin num_tokens_padded=4103 num_scheduled_tokens=4103 is_last_pp=False
(ApiServer_2 pid=914051) INFO:     127.0.0.1:33812 - "POST /v1/chat/completions HTTP/1.1" 200 OK
(ApiServer_2 pid=914051) INFO:     127.0.0.1:33828 - "POST /v1/chat/completions HTTP/1.1" 200 OK
(ApiServer_0 pid=914049) INFO:     127.0.0.1:33842 - "POST /v1/chat/completions HTTP/1.1" 200 OK
(ApiServer_0 pid=914049) INFO:     127.0.0.1:33862 - "POST /v1/chat/completions HTTP/1.1" 200 OK
(ApiServer_0 pid=914049) INFO:     127.0.0.1:33870 - "POST /v1/chat/completions HTTP/1.1" 200 OK
(ApiServer_0 pid=914049) INFO:     127.0.0.1:33884 - "POST /v1/chat/completions HTTP/1.1" 200 OK
(ApiServer_0 pid=914049) INFO:     127.0.0.1:33894 - "POST /v1/chat/completions HTTP/1.1" 200 OK
(Worker_DP2_PP0_EP2 pid=915292) INFO 03-13 13:10:35 [multiproc_executor.py:974] !!!!! WorkerProc busy_loop.func.end rank=0 rpc_id=47 method=execute_dummy_batch output_type=NoneType will_reply=False
(Worker_DP3_PP0_EP3 pid=915296) INFO 03-13 13:10:35 [multiproc_executor.py:974] !!!!! WorkerProc busy_loop.func.end rank=0 rpc_id=49 method=execute_dummy_batch output_type=NoneType will_reply=False
(Worker_DP1_PP0_EP1 pid=915288) INFO 03-13 13:10:35 [model_runner_v1.py:1343] !!!!! DefaultStream execute_model.forward.end num_tokens_padded=4103 num_scheduled_tokens=4103 output_type=IntermediateTensors
(Worker_DP3_PP0_EP3 pid=915296) INFO 03-13 13:10:35 [multiproc_executor.py:1016] !!!!! WorkerProc busy_loop.skip_output rank=0 rpc_id=49 method=execute_dummy_batch output_rank=1 reason=non_output_rank
(Worker_DP2_PP0_EP2 pid=915292) INFO 03-13 13:10:35 [multiproc_executor.py:1016] !!!!! WorkerProc busy_loop.skip_output rank=0 rpc_id=47 method=execute_dummy_batch output_rank=1 reason=non_output_rank
(Worker_DP0_PP0_EP0 pid=915284) INFO 03-13 13:10:35 [multiproc_executor.py:974] !!!!! WorkerProc busy_loop.func.end rank=0 rpc_id=47 method=execute_dummy_batch output_type=NoneType will_reply=False
(Worker_DP1_PP0_EP1 pid=915288) INFO 03-13 13:10:35 [worker.py:433] !!!!! PP handoff disable_tp_all_gather tp_world_size=1
(Worker_DP0_PP0_EP0 pid=915284) INFO 03-13 13:10:35 [multiproc_executor.py:1016] !!!!! WorkerProc busy_loop.skip_output rank=0 rpc_id=47 method=execute_dummy_batch output_rank=1 reason=non_output_rank
(Worker_DP1_PP0_EP1 pid=915288) INFO 03-13 13:10:35 [worker.py:440] !!!!! PP send hidden_states.pre_isend shape=(4103, 2048) device=npu:0 stride=(2048, 1) is_contiguous=True
(Worker_DP1_PP0_EP1 pid=915288) INFO 03-13 13:10:35 [multiproc_executor.py:974] !!!!! WorkerProc busy_loop.func.end rank=0 rpc_id=49 method=execute_model output_type=NoneType will_reply=False
(Worker_DP1_PP0_EP1 pid=915288) INFO 03-13 13:10:35 [multiproc_executor.py:1016] !!!!! WorkerProc busy_loop.skip_output rank=0 rpc_id=49 method=execute_model output_rank=1 reason=non_output_rank
(Worker_DP1_PP1_EP1 pid=915289) INFO 03-13 13:10:35 [worker.py:404] !!!!! PP recv hidden_states.post_irecv shape=(4103, 2048) device=npu:1 stride=(2048, 1) handle_count=2 postprocess_count=0
(Worker_DP1_PP0_EP1 pid=915288) INFO 03-13 13:10:35 [multiproc_executor.py:974] !!!!! WorkerProc busy_loop.func.end rank=0 rpc_id=50 method=sample_tokens output_type=NoneType will_reply=False
(Worker_DP1_PP0_EP1 pid=915288) INFO 03-13 13:10:35 [multiproc_executor.py:1016] !!!!! WorkerProc busy_loop.skip_output rank=0 rpc_id=50 method=sample_tokens output_rank=1 reason=non_output_rank
(Worker_DP1_PP0_EP1 pid=915288) INFO 03-13 13:10:35 [multiproc_executor.py:974] !!!!! WorkerProc busy_loop.func.end rank=0 rpc_id=51 method=execute_model output_type=ModelRunnerOutput will_reply=False
(Worker_DP1_PP0_EP1 pid=915288) INFO 03-13 13:10:35 [multiproc_executor.py:1016] !!!!! WorkerProc busy_loop.skip_output rank=0 rpc_id=51 method=execute_model output_rank=1 reason=non_output_rank
(Worker_DP1_PP1_EP1 pid=915289) INFO 03-13 13:10:35 [model_runner_v1.py:1196] !!!!! StageEvents.create stage_debug_id=stage-fffc68042240-tokens-4103-pp1 num_tokens=4103 num_reqs=1 is_last_pp=True
(Worker_DP1_PP1_EP1 pid=915289) INFO 03-13 13:10:35 [gpu_model_runner.py:2738] !!!!! Intermediate hidden_states wait_for_comm.begin stage_debug_id=stage-fffc68042240-tokens-4103-pp1 num_tokens=4103
(Worker_DP1_PP1_EP1 pid=915289) INFO 03-13 13:10:35 [gpu_worker.py:88] !!!!! AsyncIntermediateTensors.wait_for_comm.enter _comm_waited=False
(Worker_DP1_PP1_EP1 pid=915289) INFO 03-13 13:10:35 [gpu_worker.py:94] !!!!! AsyncIntermediateTensors.wait_for_comm.begin handle_count=2 postprocess_count=0
(Worker_DP1_PP1_EP1 pid=915289) INFO 03-13 13:10:35 [gpu_worker.py:102] !!!!! AsyncIntermediateTensors.wait_for_comm.handle.begin idx=0
(Worker_DP1_PP1_EP1 pid=915289) INFO 03-13 13:10:35 [gpu_worker.py:107] !!!!! AsyncIntermediateTensors.wait_for_comm.handle.end idx=0
(Worker_DP1_PP1_EP1 pid=915289) INFO 03-13 13:10:35 [gpu_worker.py:102] !!!!! AsyncIntermediateTensors.wait_for_comm.handle.begin idx=1
(Worker_DP1_PP1_EP1 pid=915289) INFO 03-13 13:10:35 [gpu_worker.py:107] !!!!! AsyncIntermediateTensors.wait_for_comm.handle.end idx=1
(Worker_DP1_PP1_EP1 pid=915289) INFO 03-13 13:10:35 [gpu_worker.py:127] !!!!! AsyncIntermediateTensors.wait_for_comm.ready hidden_states_shape=(4103, 2048) device=npu:1 stride=(2048, 1)
(Worker_DP1_PP1_EP1 pid=915289) INFO 03-13 13:10:35 [gpu_model_runner.py:2745] !!!!! Intermediate hidden_states wait_for_comm.end stage_debug_id=stage-fffc68042240-tokens-4103-pp1 num_tokens=4103
(Worker_DP1_PP1_EP1 pid=915289) INFO 03-13 13:10:35 [gpu_model_runner.py:2756] !!!!! Intermediate hidden_states copy.begin copy_len=4103 stage_debug_id=stage-fffc68042240-tokens-4103-pp1 src_shape=(4103, 2048) dst_shape=(32768, 2048) src_device=npu:1 dst_device=npu:1 src_stride=(2048, 1) dst_stride=(2048, 1)
(Worker_DP1_PP1_EP1 pid=915289) INFO 03-13 13:10:35 [gpu_model_runner.py:2774] !!!!! Intermediate hidden_states copy.end stage_debug_id=stage-fffc68042240-tokens-4103-pp1 copy_len=4103
(Worker_DP1_PP1_EP1 pid=915289) INFO 03-13 13:10:35 [model_runner_v1.py:1333] !!!!! DefaultStream execute_model.forward.begin num_tokens_padded=4103 num_scheduled_tokens=4103 is_last_pp=True
(Worker_DP1_PP1_EP1 pid=915289) INFO 03-13 13:10:35 [model_runner_v1.py:1343] !!!!! DefaultStream execute_model.forward.end num_tokens_padded=4103 num_scheduled_tokens=4103 output_type=Tensor
(Worker_DP3_PP1_EP3 pid=915297) INFO 03-13 13:10:35 [multiproc_executor.py:974] !!!!! WorkerProc busy_loop.func.end rank=1 rpc_id=49 method=execute_dummy_batch output_type=NoneType will_reply=True
(Worker_DP2_PP1_EP2 pid=915293) INFO 03-13 13:10:35 [multiproc_executor.py:974] !!!!! WorkerProc busy_loop.func.end rank=1 rpc_id=47 method=execute_dummy_batch output_type=NoneType will_reply=True
(Worker_DP1_PP1_EP1 pid=915289) INFO 03-13 13:10:35 [model_runner_v1.py:1424] !!!!! DefaultStream execute_model.compute_logits.begin sample_hidden_states_shape=(1, 2048)
(Worker_DP3_PP1_EP3 pid=915297) INFO 03-13 13:10:35 [multiproc_executor.py:942] !!!!! WorkerProc async_output_busy_loop.dequeue rank=1 rpc_id=49 output_type=NoneType
(Worker_DP0_PP1_EP0 pid=915285) INFO 03-13 13:10:35 [multiproc_executor.py:974] !!!!! WorkerProc busy_loop.func.end rank=1 rpc_id=47 method=execute_dummy_batch output_type=NoneType will_reply=True
(Worker_DP1_PP1_EP1 pid=915289) INFO 03-13 13:10:35 [model_runner_v1.py:1430] !!!!! DefaultStream execute_model.compute_logits.end logits_shape=(1, 102400) logits_dtype=torch.bfloat16
(Worker_DP3_PP1_EP3 pid=915297) INFO 03-13 13:10:35 [multiproc_executor.py:910] !!!!! WorkerProc enqueue_output.begin rank=1 rpc_id=49 status=SUCCESS output_type=NoneType
(Worker_DP2_PP1_EP2 pid=915293) INFO 03-13 13:10:35 [multiproc_executor.py:942] !!!!! WorkerProc async_output_busy_loop.dequeue rank=1 rpc_id=47 output_type=NoneType
(Worker_DP3_PP1_EP3 pid=915297) INFO 03-13 13:10:35 [multiproc_executor.py:919] !!!!! WorkerProc enqueue_output.end rank=1 rpc_id=49 status=SUCCESS output_type=NoneType
(Worker_DP1_PP1_EP1 pid=915289) INFO 03-13 13:10:35 [model_runner_v1.py:1461] !!!!! StageEvents.execute_state_captured stage_debug_id=stage-fffc68042240-tokens-4103-pp1 keys=['execute_state_captured_done', 'hidden_states_local_copy_done', 'hidden_states_recv_comm_done']
(Worker_DP0_PP1_EP0 pid=915285) INFO 03-13 13:10:35 [multiproc_executor.py:942] !!!!! WorkerProc async_output_busy_loop.dequeue rank=1 rpc_id=47 output_type=NoneType
(Worker_DP2_PP1_EP2 pid=915293) INFO 03-13 13:10:35 [multiproc_executor.py:910] !!!!! WorkerProc enqueue_output.begin rank=1 rpc_id=47 status=SUCCESS output_type=NoneType
(Worker_DP3_PP1_EP3 pid=915297) INFO 03-13 13:10:35 [multiproc_executor.py:950] !!!!! WorkerProc async_output_busy_loop.enqueue_done rank=1 rpc_id=49 output_type=NoneType
(Worker_DP1_PP1_EP1 pid=915289) INFO 03-13 13:10:35 [multiproc_executor.py:974] !!!!! WorkerProc busy_loop.func.end rank=1 rpc_id=49 method=execute_model output_type=NoneType will_reply=True
(EngineCore_DP3 pid=914048) INFO 03-13 13:10:35 [multiproc_executor.py:398] !!!!! Executor collective_rpc.wait_response.dequeue.end rpc_id=49 method=execute_dummy_batch response_index=0 response_rpc_id=49 status=SUCCESS result_type=NoneType
(Worker_DP0_PP1_EP0 pid=915285) INFO 03-13 13:10:35 [multiproc_executor.py:910] !!!!! WorkerProc enqueue_output.begin rank=1 rpc_id=47 status=SUCCESS output_type=NoneType
(Worker_DP2_PP1_EP2 pid=915293) INFO 03-13 13:10:35 [multiproc_executor.py:919] !!!!! WorkerProc enqueue_output.end rank=1 rpc_id=47 status=SUCCESS output_type=NoneType
(Worker_DP1_PP1_EP1 pid=915289) INFO 03-13 13:10:35 [model_runner_v1.py:1528] !!!!! StageEvents.sample_tokens.enter stage_debug_id=stage-fffc68042240-tokens-4103-pp1 keys=['execute_state_captured_done', 'hidden_states_local_copy_done', 'hidden_states_recv_comm_done']
(Worker_DP2_PP1_EP2 pid=915293) INFO 03-13 13:10:35 [multiproc_executor.py:950] !!!!! WorkerProc async_output_busy_loop.enqueue_done rank=1 rpc_id=47 output_type=NoneType
(EngineCore_DP2 pid=914047) INFO 03-13 13:10:35 [multiproc_executor.py:398] !!!!! Executor collective_rpc.wait_response.dequeue.end rpc_id=47 method=execute_dummy_batch response_index=0 response_rpc_id=47 status=SUCCESS result_type=NoneType
(Worker_DP0_PP1_EP0 pid=915285) INFO 03-13 13:10:35 [multiproc_executor.py:919] !!!!! WorkerProc enqueue_output.end rank=1 rpc_id=47 status=SUCCESS output_type=NoneType
(Worker_DP0_PP1_EP0 pid=915285) INFO 03-13 13:10:35 [multiproc_executor.py:950] !!!!! WorkerProc async_output_busy_loop.enqueue_done rank=1 rpc_id=47 output_type=NoneType
(EngineCore_DP0 pid=914045) INFO 03-13 13:10:35 [multiproc_executor.py:398] !!!!! Executor collective_rpc.wait_response.dequeue.end rpc_id=47 method=execute_dummy_batch response_index=0 response_rpc_id=47 status=SUCCESS result_type=NoneType
(Worker_DP1_PP1_EP1 pid=915289) INFO 03-13 13:10:35 [multiproc_executor.py:942] !!!!! WorkerProc async_output_busy_loop.dequeue rank=1 rpc_id=49 output_type=NoneType
(Worker_DP1_PP1_EP1 pid=915289) INFO 03-13 13:10:35 [model_runner_v1.py:1548] !!!!! DefaultStream sample_tokens.sample.begin stage_debug_id=stage-fffc68042240-tokens-4103-pp1 logits_shape=(1, 102400)
(Worker_DP1_PP1_EP1 pid=915289) INFO 03-13 13:10:35 [multiproc_executor.py:910] !!!!! WorkerProc enqueue_output.begin rank=1 rpc_id=49 status=SUCCESS output_type=NoneType
(Worker_DP1_PP1_EP1 pid=915289) INFO 03-13 13:10:35 [multiproc_executor.py:919] !!!!! WorkerProc enqueue_output.end rank=1 rpc_id=49 status=SUCCESS output_type=NoneType
(Worker_DP1_PP1_EP1 pid=915289) INFO 03-13 13:10:35 [multiproc_executor.py:950] !!!!! WorkerProc async_output_busy_loop.enqueue_done rank=1 rpc_id=49 output_type=NoneType
(EngineCore_DP1 pid=914046) INFO 03-13 13:10:35 [multiproc_executor.py:398] !!!!! Executor collective_rpc.wait_response.dequeue.end rpc_id=49 method=execute_model response_index=0 response_rpc_id=49 status=SUCCESS result_type=NoneType
(Worker_DP3_PP1_EP3 pid=915297) INFO 03-13 13:10:35 [worker.py:393] !!!!! PP handoff disable_tp_all_gather tp_world_size=1
(Worker_DP1_PP1_EP1 pid=915289) INFO 03-13 13:10:35 [model_runner_v1.py:1558] !!!!! DefaultStream sample_tokens.sample.end stage_debug_id=stage-fffc68042240-tokens-4103-pp1 sampled_token_ids_shape=(1, 1)
(Worker_DP2_PP1_EP2 pid=915293) INFO 03-13 13:10:35 [worker.py:393] !!!!! PP handoff disable_tp_all_gather tp_world_size=1
(Worker_DP1_PP1_EP1 pid=915289) INFO 03-13 13:10:35 [model_runner_v1.py:1603] !!!!! DefaultStream sample_tokens.bookkeeping.end stage_debug_id=stage-fffc68042240-tokens-4103-pp1 valid_rows=0 invalid_req_count=0
(Worker_DP0_PP1_EP0 pid=915285) INFO 03-13 13:10:35 [worker.py:393] !!!!! PP handoff disable_tp_all_gather tp_world_size=1
(Worker_DP1_PP1_EP1 pid=915289) INFO 03-13 13:10:35 [model_runner_v1.py:1682] !!!!! StageEvents.async_output_ctor_submit stage_debug_id=stage-fffc68042240-tokens-4103-pp1 keys=['async_output_ctor_submit_done', 'bookkeeping_done', 'execute_state_captured_done', 'hidden_states_local_copy_done', 'hidden_states_recv_comm_done', 'sample_done', 'sample_tokens_enter_done']
(Worker_DP1_PP1_EP1 pid=915289) INFO 03-13 13:10:35 [gpu_model_runner.py:232] !!!!! AsyncGPUModelRunnerOutput.init.begin stage_debug_id=stage-fffc68042240-tokens-4103-pp1 sampled_token_ids_shape=(1, 1) invalid_req_count=0 has_logprobs=False device=npu:1 dtype=torch.int32 is_contiguous=True stride=(1, 1)
(Worker_DP1_PP1_EP1 pid=915289) INFO 03-13 13:10:35 [gpu_model_runner.py:247] !!!!! AsyncGPUModelRunnerOutput.init.wait_stream.begin
(Worker_DP1_PP1_EP1 pid=915289) INFO 03-13 13:10:35 [gpu_model_runner.py:249] !!!!! AsyncGPUModelRunnerOutput.init.wait_stream.end
(Worker_DP1_PP1_EP1 pid=915289) INFO 03-13 13:10:35 [gpu_model_runner.py:250] !!!!! AsyncGPUModelRunnerOutput.init.copy_submitted_event.begin
(Worker_DP1_PP1_EP1 pid=915289) INFO 03-13 13:10:35 [gpu_model_runner.py:254] !!!!! AsyncGPUModelRunnerOutput.init.copy_submitted_event.end
(Worker_DP1_PP1_EP1 pid=915289) INFO 03-13 13:10:35 [gpu_model_runner.py:255] !!!!! AsyncGPUModelRunnerOutput.init.token_copy.begin
(Worker_DP1_PP1_EP1 pid=915289) INFO 03-13 13:10:35 [gpu_model_runner.py:259] !!!!! AsyncGPUModelRunnerOutput.init.token_copy.end
(Worker_DP1_PP1_EP1 pid=915289) INFO 03-13 13:10:35 [gpu_model_runner.py:260] !!!!! AsyncGPUModelRunnerOutput.init.logprobs_copy.begin enabled=False
(Worker_DP1_PP1_EP1 pid=915289) INFO 03-13 13:10:35 [gpu_model_runner.py:269] !!!!! AsyncGPUModelRunnerOutput.init.logprobs_copy.end enabled=False
(Worker_DP1_PP1_EP1 pid=915289) INFO 03-13 13:10:35 [gpu_model_runner.py:273] !!!!! AsyncGPUModelRunnerOutput.init.event_record.begin
(Worker_DP1_PP1_EP1 pid=915289) INFO 03-13 13:10:35 [gpu_model_runner.py:275] !!!!! AsyncGPUModelRunnerOutput.init.event_record.end
(Worker_DP1_PP1_EP1 pid=915289) INFO 03-13 13:10:35 [gpu_model_runner.py:276] !!!!! AsyncGPUModelRunnerOutput.init.end sampled_token_ids_cpu_shape=(1, 1) has_logprobs=False
(Worker_DP1_PP1_EP1 pid=915289) INFO 03-13 13:10:35 [multiproc_executor.py:974] !!!!! WorkerProc busy_loop.func.end rank=1 rpc_id=50 method=sample_tokens output_type=AsyncGPUModelRunnerOutput will_reply=True
(Worker_DP1_PP1_EP1 pid=915289) INFO 03-13 13:10:35 [multiproc_executor.py:942] !!!!! WorkerProc async_output_busy_loop.dequeue rank=1 rpc_id=50 output_type=AsyncGPUModelRunnerOutput
(Worker_DP1_PP1_EP1 pid=915289) INFO 03-13 13:10:35 [gpu_model_runner.py:288] !!!!! AsyncGPUModelRunnerOutput.get_output.begin stage_debug_id=stage-fffc68042240-tokens-4103-pp1 sampled_token_ids_cpu_shape=(1, 1) invalid_req_count=0 has_logprobs=False
(Worker_DP1_PP1_EP1 pid=915289) INFO 03-13 13:10:35 [gpu_model_runner.py:298] !!!!! AsyncGPUModelRunnerOutput.get_output.sync.begin stage_debug_id=stage-fffc68042240-tokens-4103-pp1 max_gen_len=1
(Worker_DP1_PP1_EP1 pid=915289) INFO 03-13 13:10:35 [gpu_model_runner.py:309] !!!!! AsyncGPUModelRunnerOutput.get_output.sync.wait stage_debug_id=stage-fffc68042240-tokens-4103-pp1 elapsed_ms=0 ready_event=False copy_submitted_event=False, stage_events={'hidden_states_recv_comm_done': True, 'hidden_states_local_copy_done': True, 'execute_state_captured_done': False, 'sample_tokens_enter_done': False, 'sample_done': False, 'bookkeeping_done': False, 'async_output_ctor_submit_done': False}
(Worker_DP1_PP1_EP1 pid=915289) INFO 03-13 13:10:35 [multiproc_executor.py:974] !!!!! WorkerProc busy_loop.func.end rank=1 rpc_id=51 method=execute_model output_type=ModelRunnerOutput will_reply=True
(Worker_DP1_PP1_EP1 pid=915289) INFO 03-13 13:10:35 [gpu_model_runner.py:335] !!!!! AsyncGPUModelRunnerOutput.get_output.sync.end stage_debug_id=stage-fffc68042240-tokens-4103-pp1 max_gen_len=1 elapsed_ms=100
(Worker_DP1_PP1_EP1 pid=915289) INFO 03-13 13:10:35 [gpu_model_runner.py:365] !!!!! AsyncGPUModelRunnerOutput.get_output.end req_count=1 sampled_rows=1 has_logprobs=False
(Worker_DP1_PP1_EP1 pid=915289) INFO 03-13 13:10:35 [multiproc_executor.py:910] !!!!! WorkerProc enqueue_output.begin rank=1 rpc_id=50 status=SUCCESS output_type=ModelRunnerOutput
(Worker_DP1_PP1_EP1 pid=915289) INFO 03-13 13:10:35 [multiproc_executor.py:919] !!!!! WorkerProc enqueue_output.end rank=1 rpc_id=50 status=SUCCESS output_type=ModelRunnerOutput
(Worker_DP1_PP1_EP1 pid=915289) INFO 03-13 13:10:35 [multiproc_executor.py:950] !!!!! WorkerProc async_output_busy_loop.enqueue_done rank=1 rpc_id=50 output_type=AsyncGPUModelRunnerOutput
(Worker_DP1_PP1_EP1 pid=915289) INFO 03-13 13:10:35 [multiproc_executor.py:942] !!!!! WorkerProc async_output_busy_loop.dequeue rank=1 rpc_id=51 output_type=ModelRunnerOutput
(EngineCore_DP1 pid=914046) INFO 03-13 13:10:35 [multiproc_executor.py:398] !!!!! Executor collective_rpc.wait_response.dequeue.end rpc_id=50 method=sample_tokens response_index=0 response_rpc_id=50 status=SUCCESS result_type=ModelRunnerOutput
(Worker_DP1_PP1_EP1 pid=915289) INFO 03-13 13:10:35 [multiproc_executor.py:910] !!!!! WorkerProc enqueue_output.begin rank=1 rpc_id=51 status=SUCCESS output_type=ModelRunnerOutput
(Worker_DP1_PP1_EP1 pid=915289) INFO 03-13 13:10:35 [multiproc_executor.py:919] !!!!! WorkerProc enqueue_output.end rank=1 rpc_id=51 status=SUCCESS output_type=ModelRunnerOutput
(Worker_DP1_PP1_EP1 pid=915289) INFO 03-13 13:10:35 [multiproc_executor.py:950] !!!!! WorkerProc async_output_busy_loop.enqueue_done rank=1 rpc_id=51 output_type=ModelRunnerOutput
(EngineCore_DP1 pid=914046) INFO 03-13 13:10:35 [multiproc_executor.py:398] !!!!! Executor collective_rpc.wait_response.dequeue.end rpc_id=51 method=execute_model response_index=0 response_rpc_id=51 status=SUCCESS result_type=ModelRunnerOutput
(Worker_DP2_PP0_EP2 pid=915292) INFO 03-13 13:10:35 [model_runner_v1.py:1196] !!!!! StageEvents.create stage_debug_id=stage-fffcaf221a40-tokens-8205-pp0 num_tokens=8205 num_reqs=2 is_last_pp=False
(Worker_DP3_PP0_EP3 pid=915296) INFO 03-13 13:10:35 [model_runner_v1.py:1196] !!!!! StageEvents.create stage_debug_id=stage-fffcc5ffba00-tokens-8204-pp0 num_tokens=8204 num_reqs=2 is_last_pp=False
(Worker_DP0_PP0_EP0 pid=915284) INFO 03-13 13:10:35 [model_runner_v1.py:1196] !!!!! StageEvents.create stage_debug_id=stage-fffcbd4a5640-tokens-8206-pp0 num_tokens=8206 num_reqs=2 is_last_pp=False
(Worker_DP2_PP0_EP2 pid=915292) INFO 03-13 13:10:35 [model_runner_v1.py:1333] !!!!! DefaultStream execute_model.forward.begin num_tokens_padded=8206 num_scheduled_tokens=8205 is_last_pp=False
(Worker_DP3_PP0_EP3 pid=915296) INFO 03-13 13:10:35 [model_runner_v1.py:1333] !!!!! DefaultStream execute_model.forward.begin num_tokens_padded=8206 num_scheduled_tokens=8204 is_last_pp=False
(Worker_DP0_PP0_EP0 pid=915284) INFO 03-13 13:10:35 [model_runner_v1.py:1333] !!!!! DefaultStream execute_model.forward.begin num_tokens_padded=8206 num_scheduled_tokens=8206 is_last_pp=False
(ApiServer_1 pid=914050) INFO:     127.0.0.1:33850 - "POST /v1/chat/completions HTTP/1.1" 200 OK
(Worker_DP0_PP0_EP0 pid=915284) INFO 03-13 13:10:35 [model_runner_v1.py:1343] !!!!! DefaultStream execute_model.forward.end num_tokens_padded=8206 num_scheduled_tokens=8206 output_type=IntermediateTensors
(Worker_DP3_PP0_EP3 pid=915296) INFO 03-13 13:10:35 [model_runner_v1.py:1343] !!!!! DefaultStream execute_model.forward.end num_tokens_padded=8206 num_scheduled_tokens=8204 output_type=IntermediateTensors
(Worker_DP2_PP0_EP2 pid=915292) INFO 03-13 13:10:35 [model_runner_v1.py:1343] !!!!! DefaultStream execute_model.forward.end num_tokens_padded=8206 num_scheduled_tokens=8205 output_type=IntermediateTensors
(Worker_DP1_PP0_EP1 pid=915288) INFO 03-13 13:10:35 [multiproc_executor.py:974] !!!!! WorkerProc busy_loop.func.end rank=0 rpc_id=52 method=execute_dummy_batch output_type=NoneType will_reply=False
(Worker_DP0_PP0_EP0 pid=915284) INFO 03-13 13:10:35 [worker.py:433] !!!!! PP handoff disable_tp_all_gather tp_world_size=1
(Worker_DP3_PP0_EP3 pid=915296) INFO 03-13 13:10:35 [worker.py:433] !!!!! PP handoff disable_tp_all_gather tp_world_size=1
(Worker_DP2_PP0_EP2 pid=915292) INFO 03-13 13:10:35 [worker.py:433] !!!!! PP handoff disable_tp_all_gather tp_world_size=1
(Worker_DP1_PP0_EP1 pid=915288) INFO 03-13 13:10:35 [multiproc_executor.py:1016] !!!!! WorkerProc busy_loop.skip_output rank=0 rpc_id=52 method=execute_dummy_batch output_rank=1 reason=non_output_rank
(Worker_DP3_PP0_EP3 pid=915296) INFO 03-13 13:10:35 [worker.py:440] !!!!! PP send hidden_states.pre_isend shape=(8206, 2048) device=npu:0 stride=(2048, 1) is_contiguous=True
(Worker_DP0_PP0_EP0 pid=915284) INFO 03-13 13:10:35 [worker.py:440] !!!!! PP send hidden_states.pre_isend shape=(8206, 2048) device=npu:0 stride=(2048, 1) is_contiguous=True
(Worker_DP2_PP0_EP2 pid=915292) INFO 03-13 13:10:35 [worker.py:440] !!!!! PP send hidden_states.pre_isend shape=(8206, 2048) device=npu:0 stride=(2048, 1) is_contiguous=True
(Worker_DP3_PP0_EP3 pid=915296) INFO 03-13 13:10:35 [multiproc_executor.py:974] !!!!! WorkerProc busy_loop.func.end rank=0 rpc_id=50 method=execute_model output_type=NoneType will_reply=False
(Worker_DP3_PP0_EP3 pid=915296) INFO 03-13 13:10:35 [multiproc_executor.py:1016] !!!!! WorkerProc busy_loop.skip_output rank=0 rpc_id=50 method=execute_model output_rank=1 reason=non_output_rank
(Worker_DP0_PP0_EP0 pid=915284) INFO 03-13 13:10:35 [multiproc_executor.py:974] !!!!! WorkerProc busy_loop.func.end rank=0 rpc_id=48 method=execute_model output_type=NoneType will_reply=False
(Worker_DP0_PP0_EP0 pid=915284) INFO 03-13 13:10:35 [multiproc_executor.py:1016] !!!!! WorkerProc busy_loop.skip_output rank=0 rpc_id=48 method=execute_model output_rank=1 reason=non_output_rank
(Worker_DP2_PP0_EP2 pid=915292) INFO 03-13 13:10:35 [multiproc_executor.py:974] !!!!! WorkerProc busy_loop.func.end rank=0 rpc_id=48 method=execute_model output_type=NoneType will_reply=False
(Worker_DP2_PP0_EP2 pid=915292) INFO 03-13 13:10:35 [multiproc_executor.py:1016] !!!!! WorkerProc busy_loop.skip_output rank=0 rpc_id=48 method=execute_model output_rank=1 reason=non_output_rank
(Worker_DP3_PP1_EP3 pid=915297) INFO 03-13 13:10:35 [worker.py:404] !!!!! PP recv hidden_states.post_irecv shape=(8206, 2048) device=npu:1 stride=(2048, 1) handle_count=2 postprocess_count=0
(Worker_DP2_PP1_EP2 pid=915293) INFO 03-13 13:10:35 [worker.py:404] !!!!! PP recv hidden_states.post_irecv shape=(8206, 2048) device=npu:1 stride=(2048, 1) handle_count=2 postprocess_count=0
(Worker_DP0_PP1_EP0 pid=915285) INFO 03-13 13:10:35 [worker.py:404] !!!!! PP recv hidden_states.post_irecv shape=(8206, 2048) device=npu:1 stride=(2048, 1) handle_count=2 postprocess_count=0
(Worker_DP3_PP0_EP3 pid=915296) INFO 03-13 13:10:35 [multiproc_executor.py:974] !!!!! WorkerProc busy_loop.func.end rank=0 rpc_id=51 method=sample_tokens output_type=NoneType will_reply=False
(Worker_DP3_PP0_EP3 pid=915296) INFO 03-13 13:10:35 [multiproc_executor.py:1016] !!!!! WorkerProc busy_loop.skip_output rank=0 rpc_id=51 method=sample_tokens output_rank=1 reason=non_output_rank
(Worker_DP0_PP0_EP0 pid=915284) INFO 03-13 13:10:35 [multiproc_executor.py:974] !!!!! WorkerProc busy_loop.func.end rank=0 rpc_id=49 method=sample_tokens output_type=NoneType will_reply=False
(Worker_DP0_PP0_EP0 pid=915284) INFO 03-13 13:10:35 [multiproc_executor.py:1016] !!!!! WorkerProc busy_loop.skip_output rank=0 rpc_id=49 method=sample_tokens output_rank=1 reason=non_output_rank
(Worker_DP2_PP0_EP2 pid=915292) INFO 03-13 13:10:35 [multiproc_executor.py:974] !!!!! WorkerProc busy_loop.func.end rank=0 rpc_id=49 method=sample_tokens output_type=NoneType will_reply=False
(Worker_DP2_PP0_EP2 pid=915292) INFO 03-13 13:10:35 [multiproc_executor.py:1016] !!!!! WorkerProc busy_loop.skip_output rank=0 rpc_id=49 method=sample_tokens output_rank=1 reason=non_output_rank
(Worker_DP3_PP0_EP3 pid=915296) INFO 03-13 13:10:35 [multiproc_executor.py:974] !!!!! WorkerProc busy_loop.func.end rank=0 rpc_id=52 method=execute_model output_type=ModelRunnerOutput will_reply=False
(Worker_DP3_PP0_EP3 pid=915296) INFO 03-13 13:10:35 [multiproc_executor.py:1016] !!!!! WorkerProc busy_loop.skip_output rank=0 rpc_id=52 method=execute_model output_rank=1 reason=non_output_rank
(Worker_DP0_PP0_EP0 pid=915284) INFO 03-13 13:10:35 [multiproc_executor.py:974] !!!!! WorkerProc busy_loop.func.end rank=0 rpc_id=50 method=execute_model output_type=ModelRunnerOutput will_reply=False
(Worker_DP0_PP0_EP0 pid=915284) INFO 03-13 13:10:35 [multiproc_executor.py:1016] !!!!! WorkerProc busy_loop.skip_output rank=0 rpc_id=50 method=execute_model output_rank=1 reason=non_output_rank
(Worker_DP2_PP0_EP2 pid=915292) INFO 03-13 13:10:35 [multiproc_executor.py:974] !!!!! WorkerProc busy_loop.func.end rank=0 rpc_id=50 method=execute_model output_type=ModelRunnerOutput will_reply=False
(Worker_DP2_PP0_EP2 pid=915292) INFO 03-13 13:10:35 [multiproc_executor.py:1016] !!!!! WorkerProc busy_loop.skip_output rank=0 rpc_id=50 method=execute_model output_rank=1 reason=non_output_rank
(Worker_DP2_PP1_EP2 pid=915293) INFO 03-13 13:10:35 [model_runner_v1.py:1196] !!!!! StageEvents.create stage_debug_id=stage-fffca308d300-tokens-8205-pp1 num_tokens=8205 num_reqs=2 is_last_pp=True
(Worker_DP3_PP1_EP3 pid=915297) INFO 03-13 13:10:35 [model_runner_v1.py:1196] !!!!! StageEvents.create stage_debug_id=stage-fffc542fdb00-tokens-8204-pp1 num_tokens=8204 num_reqs=2 is_last_pp=True
(Worker_DP0_PP1_EP0 pid=915285) INFO 03-13 13:10:35 [model_runner_v1.py:1196] !!!!! StageEvents.create stage_debug_id=stage-fffc80063140-tokens-8206-pp1 num_tokens=8206 num_reqs=2 is_last_pp=True
(Worker_DP2_PP1_EP2 pid=915293) INFO 03-13 13:10:35 [gpu_model_runner.py:2738] !!!!! Intermediate hidden_states wait_for_comm.begin stage_debug_id=stage-fffca308d300-tokens-8205-pp1 num_tokens=8206
(Worker_DP2_PP1_EP2 pid=915293) INFO 03-13 13:10:35 [gpu_worker.py:88] !!!!! AsyncIntermediateTensors.wait_for_comm.enter _comm_waited=False
(Worker_DP2_PP1_EP2 pid=915293) INFO 03-13 13:10:35 [gpu_worker.py:94] !!!!! AsyncIntermediateTensors.wait_for_comm.begin handle_count=2 postprocess_count=0
(Worker_DP3_PP1_EP3 pid=915297) INFO 03-13 13:10:35 [gpu_model_runner.py:2738] !!!!! Intermediate hidden_states wait_for_comm.begin stage_debug_id=stage-fffc542fdb00-tokens-8204-pp1 num_tokens=8206
(Worker_DP2_PP1_EP2 pid=915293) INFO 03-13 13:10:35 [gpu_worker.py:102] !!!!! AsyncIntermediateTensors.wait_for_comm.handle.begin idx=0
(Worker_DP0_PP1_EP0 pid=915285) INFO 03-13 13:10:35 [gpu_model_runner.py:2738] !!!!! Intermediate hidden_states wait_for_comm.begin stage_debug_id=stage-fffc80063140-tokens-8206-pp1 num_tokens=8206
(Worker_DP3_PP1_EP3 pid=915297) INFO 03-13 13:10:35 [gpu_worker.py:88] !!!!! AsyncIntermediateTensors.wait_for_comm.enter _comm_waited=False
(Worker_DP2_PP1_EP2 pid=915293) INFO 03-13 13:10:35 [gpu_worker.py:107] !!!!! AsyncIntermediateTensors.wait_for_comm.handle.end idx=0
(Worker_DP2_PP1_EP2 pid=915293) INFO 03-13 13:10:35 [gpu_worker.py:102] !!!!! AsyncIntermediateTensors.wait_for_comm.handle.begin idx=1
(Worker_DP3_PP1_EP3 pid=915297) INFO 03-13 13:10:35 [gpu_worker.py:94] !!!!! AsyncIntermediateTensors.wait_for_comm.begin handle_count=2 postprocess_count=0
(Worker_DP0_PP1_EP0 pid=915285) INFO 03-13 13:10:35 [gpu_worker.py:88] !!!!! AsyncIntermediateTensors.wait_for_comm.enter _comm_waited=False
(Worker_DP3_PP1_EP3 pid=915297) INFO 03-13 13:10:35 [gpu_worker.py:102] !!!!! AsyncIntermediateTensors.wait_for_comm.handle.begin idx=0
(Worker_DP2_PP1_EP2 pid=915293) INFO 03-13 13:10:35 [gpu_worker.py:107] !!!!! AsyncIntermediateTensors.wait_for_comm.handle.end idx=1
(Worker_DP0_PP1_EP0 pid=915285) INFO 03-13 13:10:35 [gpu_worker.py:94] !!!!! AsyncIntermediateTensors.wait_for_comm.begin handle_count=2 postprocess_count=0
(Worker_DP3_PP1_EP3 pid=915297) INFO 03-13 13:10:35 [gpu_worker.py:107] !!!!! AsyncIntermediateTensors.wait_for_comm.handle.end idx=0
(Worker_DP2_PP1_EP2 pid=915293) INFO 03-13 13:10:35 [gpu_worker.py:127] !!!!! AsyncIntermediateTensors.wait_for_comm.ready hidden_states_shape=(8206, 2048) device=npu:1 stride=(2048, 1)
(Worker_DP0_PP1_EP0 pid=915285) INFO 03-13 13:10:35 [gpu_worker.py:102] !!!!! AsyncIntermediateTensors.wait_for_comm.handle.begin idx=0
(Worker_DP3_PP1_EP3 pid=915297) INFO 03-13 13:10:35 [gpu_worker.py:102] !!!!! AsyncIntermediateTensors.wait_for_comm.handle.begin idx=1
(Worker_DP2_PP1_EP2 pid=915293) INFO 03-13 13:10:35 [gpu_model_runner.py:2745] !!!!! Intermediate hidden_states wait_for_comm.end stage_debug_id=stage-fffca308d300-tokens-8205-pp1 num_tokens=8206
(Worker_DP0_PP1_EP0 pid=915285) INFO 03-13 13:10:35 [gpu_worker.py:107] !!!!! AsyncIntermediateTensors.wait_for_comm.handle.end idx=0
(Worker_DP3_PP1_EP3 pid=915297) INFO 03-13 13:10:35 [gpu_worker.py:107] !!!!! AsyncIntermediateTensors.wait_for_comm.handle.end idx=1
(Worker_DP0_PP1_EP0 pid=915285) INFO 03-13 13:10:35 [gpu_worker.py:102] !!!!! AsyncIntermediateTensors.wait_for_comm.handle.begin idx=1
(Worker_DP3_PP1_EP3 pid=915297) INFO 03-13 13:10:35 [gpu_worker.py:127] !!!!! AsyncIntermediateTensors.wait_for_comm.ready hidden_states_shape=(8206, 2048) device=npu:1 stride=(2048, 1)
(Worker_DP0_PP1_EP0 pid=915285) INFO 03-13 13:10:35 [gpu_worker.py:107] !!!!! AsyncIntermediateTensors.wait_for_comm.handle.end idx=1
(Worker_DP2_PP1_EP2 pid=915293) INFO 03-13 13:10:35 [gpu_model_runner.py:2756] !!!!! Intermediate hidden_states copy.begin copy_len=8206 stage_debug_id=stage-fffca308d300-tokens-8205-pp1 src_shape=(8206, 2048) dst_shape=(32768, 2048) src_device=npu:1 dst_device=npu:1 src_stride=(2048, 1) dst_stride=(2048, 1)
(Worker_DP3_PP1_EP3 pid=915297) INFO 03-13 13:10:35 [gpu_model_runner.py:2745] !!!!! Intermediate hidden_states wait_for_comm.end stage_debug_id=stage-fffc542fdb00-tokens-8204-pp1 num_tokens=8206
(Worker_DP0_PP1_EP0 pid=915285) INFO 03-13 13:10:35 [gpu_worker.py:127] !!!!! AsyncIntermediateTensors.wait_for_comm.ready hidden_states_shape=(8206, 2048) device=npu:1 stride=(2048, 1)
(Worker_DP0_PP1_EP0 pid=915285) INFO 03-13 13:10:35 [gpu_model_runner.py:2745] !!!!! Intermediate hidden_states wait_for_comm.end stage_debug_id=stage-fffc80063140-tokens-8206-pp1 num_tokens=8206
(Worker_DP2_PP1_EP2 pid=915293) INFO 03-13 13:10:35 [gpu_model_runner.py:2774] !!!!! Intermediate hidden_states copy.end stage_debug_id=stage-fffca308d300-tokens-8205-pp1 copy_len=8206
(Worker_DP3_PP1_EP3 pid=915297) INFO 03-13 13:10:35 [gpu_model_runner.py:2756] !!!!! Intermediate hidden_states copy.begin copy_len=8206 stage_debug_id=stage-fffc542fdb00-tokens-8204-pp1 src_shape=(8206, 2048) dst_shape=(32768, 2048) src_device=npu:1 dst_device=npu:1 src_stride=(2048, 1) dst_stride=(2048, 1)
(Worker_DP0_PP1_EP0 pid=915285) INFO 03-13 13:10:35 [gpu_model_runner.py:2756] !!!!! Intermediate hidden_states copy.begin copy_len=8206 stage_debug_id=stage-fffc80063140-tokens-8206-pp1 src_shape=(8206, 2048) dst_shape=(32768, 2048) src_device=npu:1 dst_device=npu:1 src_stride=(2048, 1) dst_stride=(2048, 1)
(Worker_DP3_PP1_EP3 pid=915297) INFO 03-13 13:10:35 [gpu_model_runner.py:2774] !!!!! Intermediate hidden_states copy.end stage_debug_id=stage-fffc542fdb00-tokens-8204-pp1 copy_len=8206
(Worker_DP0_PP1_EP0 pid=915285) INFO 03-13 13:10:35 [gpu_model_runner.py:2774] !!!!! Intermediate hidden_states copy.end stage_debug_id=stage-fffc80063140-tokens-8206-pp1 copy_len=8206
(Worker_DP2_PP1_EP2 pid=915293) INFO 03-13 13:10:35 [model_runner_v1.py:1333] !!!!! DefaultStream execute_model.forward.begin num_tokens_padded=8206 num_scheduled_tokens=8205 is_last_pp=True
(Worker_DP3_PP1_EP3 pid=915297) INFO 03-13 13:10:35 [model_runner_v1.py:1333] !!!!! DefaultStream execute_model.forward.begin num_tokens_padded=8206 num_scheduled_tokens=8204 is_last_pp=True
(Worker_DP0_PP1_EP0 pid=915285) INFO 03-13 13:10:35 [model_runner_v1.py:1333] !!!!! DefaultStream execute_model.forward.begin num_tokens_padded=8206 num_scheduled_tokens=8206 is_last_pp=True
(Worker_DP1_PP1_EP1 pid=915289) INFO 03-13 13:10:36 [multiproc_executor.py:974] !!!!! WorkerProc busy_loop.func.end rank=1 rpc_id=52 method=execute_dummy_batch output_type=NoneType will_reply=True
(Worker_DP3_PP1_EP3 pid=915297) INFO 03-13 13:10:36 [model_runner_v1.py:1343] !!!!! DefaultStream execute_model.forward.end num_tokens_padded=8206 num_scheduled_tokens=8204 output_type=Tensor
(Worker_DP2_PP1_EP2 pid=915293) INFO 03-13 13:10:36 [model_runner_v1.py:1343] !!!!! DefaultStream execute_model.forward.end num_tokens_padded=8206 num_scheduled_tokens=8205 output_type=Tensor
(Worker_DP0_PP1_EP0 pid=915285) INFO 03-13 13:10:36 [model_runner_v1.py:1343] !!!!! DefaultStream execute_model.forward.end num_tokens_padded=8206 num_scheduled_tokens=8206 output_type=Tensor
(Worker_DP2_PP1_EP2 pid=915293) INFO 03-13 13:10:36 [model_runner_v1.py:1424] !!!!! DefaultStream execute_model.compute_logits.begin sample_hidden_states_shape=(2, 2048)
(Worker_DP3_PP1_EP3 pid=915297) INFO 03-13 13:10:36 [model_runner_v1.py:1424] !!!!! DefaultStream execute_model.compute_logits.begin sample_hidden_states_shape=(2, 2048)
(Worker_DP1_PP1_EP1 pid=915289) INFO 03-13 13:10:36 [multiproc_executor.py:942] !!!!! WorkerProc async_output_busy_loop.dequeue rank=1 rpc_id=52 output_type=NoneType
(Worker_DP0_PP1_EP0 pid=915285) INFO 03-13 13:10:36 [model_runner_v1.py:1424] !!!!! DefaultStream execute_model.compute_logits.begin sample_hidden_states_shape=(2, 2048)
(Worker_DP1_PP1_EP1 pid=915289) INFO 03-13 13:10:36 [multiproc_executor.py:910] !!!!! WorkerProc enqueue_output.begin rank=1 rpc_id=52 status=SUCCESS output_type=NoneType
(Worker_DP2_PP1_EP2 pid=915293) INFO 03-13 13:10:36 [model_runner_v1.py:1430] !!!!! DefaultStream execute_model.compute_logits.end logits_shape=(2, 102400) logits_dtype=torch.bfloat16
(Worker_DP3_PP1_EP3 pid=915297) INFO 03-13 13:10:36 [model_runner_v1.py:1430] !!!!! DefaultStream execute_model.compute_logits.end logits_shape=(2, 102400) logits_dtype=torch.bfloat16
(Worker_DP0_PP1_EP0 pid=915285) INFO 03-13 13:10:36 [model_runner_v1.py:1430] !!!!! DefaultStream execute_model.compute_logits.end logits_shape=(2, 102400) logits_dtype=torch.bfloat16
(Worker_DP1_PP1_EP1 pid=915289) INFO 03-13 13:10:36 [multiproc_executor.py:919] !!!!! WorkerProc enqueue_output.end rank=1 rpc_id=52 status=SUCCESS output_type=NoneType
(Worker_DP1_PP1_EP1 pid=915289) INFO 03-13 13:10:36 [multiproc_executor.py:950] !!!!! WorkerProc async_output_busy_loop.enqueue_done rank=1 rpc_id=52 output_type=NoneType
(Worker_DP2_PP1_EP2 pid=915293) INFO 03-13 13:10:36 [model_runner_v1.py:1461] !!!!! StageEvents.execute_state_captured stage_debug_id=stage-fffca308d300-tokens-8205-pp1 keys=['execute_state_captured_done', 'hidden_states_local_copy_done', 'hidden_states_recv_comm_done']
(Worker_DP3_PP1_EP3 pid=915297) INFO 03-13 13:10:36 [model_runner_v1.py:1461] !!!!! StageEvents.execute_state_captured stage_debug_id=stage-fffc542fdb00-tokens-8204-pp1 keys=['execute_state_captured_done', 'hidden_states_local_copy_done', 'hidden_states_recv_comm_done']
(EngineCore_DP1 pid=914046) INFO 03-13 13:10:36 [multiproc_executor.py:398] !!!!! Executor collective_rpc.wait_response.dequeue.end rpc_id=52 method=execute_dummy_batch response_index=0 response_rpc_id=52 status=SUCCESS result_type=NoneType
(Worker_DP0_PP1_EP0 pid=915285) INFO 03-13 13:10:36 [model_runner_v1.py:1461] !!!!! StageEvents.execute_state_captured stage_debug_id=stage-fffc80063140-tokens-8206-pp1 keys=['execute_state_captured_done', 'hidden_states_local_copy_done', 'hidden_states_recv_comm_done']
(Worker_DP2_PP1_EP2 pid=915293) INFO 03-13 13:10:36 [multiproc_executor.py:974] !!!!! WorkerProc busy_loop.func.end rank=1 rpc_id=48 method=execute_model output_type=NoneType will_reply=True
(Worker_DP3_PP1_EP3 pid=915297) INFO 03-13 13:10:36 [multiproc_executor.py:974] !!!!! WorkerProc busy_loop.func.end rank=1 rpc_id=50 method=execute_model output_type=NoneType will_reply=True
(Worker_DP0_PP1_EP0 pid=915285) INFO 03-13 13:10:36 [multiproc_executor.py:974] !!!!! WorkerProc busy_loop.func.end rank=1 rpc_id=48 method=execute_model output_type=NoneType will_reply=True
(Worker_DP2_PP1_EP2 pid=915293) INFO 03-13 13:10:36 [model_runner_v1.py:1528] !!!!! StageEvents.sample_tokens.enter stage_debug_id=stage-fffca308d300-tokens-8205-pp1 keys=['execute_state_captured_done', 'hidden_states_local_copy_done', 'hidden_states_recv_comm_done']
(Worker_DP3_PP1_EP3 pid=915297) INFO 03-13 13:10:36 [model_runner_v1.py:1528] !!!!! StageEvents.sample_tokens.enter stage_debug_id=stage-fffc542fdb00-tokens-8204-pp1 keys=['execute_state_captured_done', 'hidden_states_local_copy_done', 'hidden_states_recv_comm_done']
(Worker_DP0_PP1_EP0 pid=915285) INFO 03-13 13:10:36 [model_runner_v1.py:1528] !!!!! StageEvents.sample_tokens.enter stage_debug_id=stage-fffc80063140-tokens-8206-pp1 keys=['execute_state_captured_done', 'hidden_states_local_copy_done', 'hidden_states_recv_comm_done']
(Worker_DP2_PP1_EP2 pid=915293) INFO 03-13 13:10:36 [model_runner_v1.py:1548] !!!!! DefaultStream sample_tokens.sample.begin stage_debug_id=stage-fffca308d300-tokens-8205-pp1 logits_shape=(2, 102400)
(Worker_DP3_PP1_EP3 pid=915297) INFO 03-13 13:10:36 [model_runner_v1.py:1548] !!!!! DefaultStream sample_tokens.sample.begin stage_debug_id=stage-fffc542fdb00-tokens-8204-pp1 logits_shape=(2, 102400)
(Worker_DP0_PP1_EP0 pid=915285) INFO 03-13 13:10:36 [model_runner_v1.py:1548] !!!!! DefaultStream sample_tokens.sample.begin stage_debug_id=stage-fffc80063140-tokens-8206-pp1 logits_shape=(2, 102400)
(Worker_DP2_PP1_EP2 pid=915293) INFO 03-13 13:10:36 [multiproc_executor.py:942] !!!!! WorkerProc async_output_busy_loop.dequeue rank=1 rpc_id=48 output_type=NoneType
(Worker_DP0_PP1_EP0 pid=915285) INFO 03-13 13:10:36 [multiproc_executor.py:942] !!!!! WorkerProc async_output_busy_loop.dequeue rank=1 rpc_id=48 output_type=NoneType
(Worker_DP2_PP1_EP2 pid=915293) INFO 03-13 13:10:36 [multiproc_executor.py:910] !!!!! WorkerProc enqueue_output.begin rank=1 rpc_id=48 status=SUCCESS output_type=NoneType
(Worker_DP3_PP1_EP3 pid=915297) INFO 03-13 13:10:36 [multiproc_executor.py:942] !!!!! WorkerProc async_output_busy_loop.dequeue rank=1 rpc_id=50 output_type=NoneType
(Worker_DP0_PP1_EP0 pid=915285) INFO 03-13 13:10:36 [multiproc_executor.py:910] !!!!! WorkerProc enqueue_output.begin rank=1 rpc_id=48 status=SUCCESS output_type=NoneType
(Worker_DP3_PP1_EP3 pid=915297) INFO 03-13 13:10:36 [multiproc_executor.py:910] !!!!! WorkerProc enqueue_output.begin rank=1 rpc_id=50 status=SUCCESS output_type=NoneType
(Worker_DP2_PP1_EP2 pid=915293) INFO 03-13 13:10:36 [multiproc_executor.py:919] !!!!! WorkerProc enqueue_output.end rank=1 rpc_id=48 status=SUCCESS output_type=NoneType
(Worker_DP2_PP1_EP2 pid=915293) INFO 03-13 13:10:36 [multiproc_executor.py:950] !!!!! WorkerProc async_output_busy_loop.enqueue_done rank=1 rpc_id=48 output_type=NoneType
(Worker_DP0_PP1_EP0 pid=915285) INFO 03-13 13:10:36 [multiproc_executor.py:919] !!!!! WorkerProc enqueue_output.end rank=1 rpc_id=48 status=SUCCESS output_type=NoneType
(Worker_DP3_PP1_EP3 pid=915297) INFO 03-13 13:10:36 [multiproc_executor.py:919] !!!!! WorkerProc enqueue_output.end rank=1 rpc_id=50 status=SUCCESS output_type=NoneType
(Worker_DP0_PP1_EP0 pid=915285) INFO 03-13 13:10:36 [multiproc_executor.py:950] !!!!! WorkerProc async_output_busy_loop.enqueue_done rank=1 rpc_id=48 output_type=NoneType
(EngineCore_DP2 pid=914047) INFO 03-13 13:10:36 [multiproc_executor.py:398] !!!!! Executor collective_rpc.wait_response.dequeue.end rpc_id=48 method=execute_model response_index=0 response_rpc_id=48 status=SUCCESS result_type=NoneType
(Worker_DP3_PP1_EP3 pid=915297) INFO 03-13 13:10:36 [multiproc_executor.py:950] !!!!! WorkerProc async_output_busy_loop.enqueue_done rank=1 rpc_id=50 output_type=NoneType
(EngineCore_DP0 pid=914045) INFO 03-13 13:10:36 [multiproc_executor.py:398] !!!!! Executor collective_rpc.wait_response.dequeue.end rpc_id=48 method=execute_model response_index=0 response_rpc_id=48 status=SUCCESS result_type=NoneType
(EngineCore_DP3 pid=914048) INFO 03-13 13:10:36 [multiproc_executor.py:398] !!!!! Executor collective_rpc.wait_response.dequeue.end rpc_id=50 method=execute_model response_index=0 response_rpc_id=50 status=SUCCESS result_type=NoneType
(Worker_DP1_PP1_EP1 pid=915289) INFO 03-13 13:10:36 [worker.py:393] !!!!! PP handoff disable_tp_all_gather tp_world_size=1
(Worker_DP2_PP1_EP2 pid=915293) INFO 03-13 13:10:36 [model_runner_v1.py:1558] !!!!! DefaultStream sample_tokens.sample.end stage_debug_id=stage-fffca308d300-tokens-8205-pp1 sampled_token_ids_shape=(2, 1)
(Worker_DP0_PP1_EP0 pid=915285) INFO 03-13 13:10:36 [model_runner_v1.py:1558] !!!!! DefaultStream sample_tokens.sample.end stage_debug_id=stage-fffc80063140-tokens-8206-pp1 sampled_token_ids_shape=(2, 1)
(Worker_DP3_PP1_EP3 pid=915297) INFO 03-13 13:10:36 [model_runner_v1.py:1558] !!!!! DefaultStream sample_tokens.sample.end stage_debug_id=stage-fffc542fdb00-tokens-8204-pp1 sampled_token_ids_shape=(2, 1)
(Worker_DP2_PP1_EP2 pid=915293) INFO 03-13 13:10:36 [model_runner_v1.py:1603] !!!!! DefaultStream sample_tokens.bookkeeping.end stage_debug_id=stage-fffca308d300-tokens-8205-pp1 valid_rows=0 invalid_req_count=0
(Worker_DP0_PP1_EP0 pid=915285) INFO 03-13 13:10:36 [model_runner_v1.py:1603] !!!!! DefaultStream sample_tokens.bookkeeping.end stage_debug_id=stage-fffc80063140-tokens-8206-pp1 valid_rows=0 invalid_req_count=0
(Worker_DP3_PP1_EP3 pid=915297) INFO 03-13 13:10:36 [model_runner_v1.py:1603] !!!!! DefaultStream sample_tokens.bookkeeping.end stage_debug_id=stage-fffc542fdb00-tokens-8204-pp1 valid_rows=0 invalid_req_count=0
(Worker_DP2_PP1_EP2 pid=915293) INFO 03-13 13:10:36 [model_runner_v1.py:1682] !!!!! StageEvents.async_output_ctor_submit stage_debug_id=stage-fffca308d300-tokens-8205-pp1 keys=['async_output_ctor_submit_done', 'bookkeeping_done', 'execute_state_captured_done', 'hidden_states_local_copy_done', 'hidden_states_recv_comm_done', 'sample_done', 'sample_tokens_enter_done']
(Worker_DP0_PP1_EP0 pid=915285) INFO 03-13 13:10:36 [model_runner_v1.py:1682] !!!!! StageEvents.async_output_ctor_submit stage_debug_id=stage-fffc80063140-tokens-8206-pp1 keys=['async_output_ctor_submit_done', 'bookkeeping_done', 'execute_state_captured_done', 'hidden_states_local_copy_done', 'hidden_states_recv_comm_done', 'sample_done', 'sample_tokens_enter_done']
(Worker_DP2_PP1_EP2 pid=915293) INFO 03-13 13:10:36 [gpu_model_runner.py:232] !!!!! AsyncGPUModelRunnerOutput.init.begin stage_debug_id=stage-fffca308d300-tokens-8205-pp1 sampled_token_ids_shape=(2, 1) invalid_req_count=0 has_logprobs=False device=npu:1 dtype=torch.int32 is_contiguous=True stride=(1, 1)
(Worker_DP3_PP1_EP3 pid=915297) INFO 03-13 13:10:36 [model_runner_v1.py:1682] !!!!! StageEvents.async_output_ctor_submit stage_debug_id=stage-fffc542fdb00-tokens-8204-pp1 keys=['async_output_ctor_submit_done', 'bookkeeping_done', 'execute_state_captured_done', 'hidden_states_local_copy_done', 'hidden_states_recv_comm_done', 'sample_done', 'sample_tokens_enter_done']
(Worker_DP0_PP1_EP0 pid=915285) INFO 03-13 13:10:36 [gpu_model_runner.py:232] !!!!! AsyncGPUModelRunnerOutput.init.begin stage_debug_id=stage-fffc80063140-tokens-8206-pp1 sampled_token_ids_shape=(2, 1) invalid_req_count=0 has_logprobs=False device=npu:1 dtype=torch.int32 is_contiguous=True stride=(1, 1)
(Worker_DP2_PP1_EP2 pid=915293) INFO 03-13 13:10:36 [gpu_model_runner.py:247] !!!!! AsyncGPUModelRunnerOutput.init.wait_stream.begin
(Worker_DP0_PP1_EP0 pid=915285) INFO 03-13 13:10:36 [gpu_model_runner.py:247] !!!!! AsyncGPUModelRunnerOutput.init.wait_stream.begin
(Worker_DP2_PP1_EP2 pid=915293) INFO 03-13 13:10:36 [gpu_model_runner.py:249] !!!!! AsyncGPUModelRunnerOutput.init.wait_stream.end
(Worker_DP3_PP1_EP3 pid=915297) INFO 03-13 13:10:36 [gpu_model_runner.py:232] !!!!! AsyncGPUModelRunnerOutput.init.begin stage_debug_id=stage-fffc542fdb00-tokens-8204-pp1 sampled_token_ids_shape=(2, 1) invalid_req_count=0 has_logprobs=False device=npu:1 dtype=torch.int32 is_contiguous=True stride=(1, 1)
(Worker_DP2_PP1_EP2 pid=915293) INFO 03-13 13:10:36 [gpu_model_runner.py:250] !!!!! AsyncGPUModelRunnerOutput.init.copy_submitted_event.begin
(Worker_DP0_PP1_EP0 pid=915285) INFO 03-13 13:10:36 [gpu_model_runner.py:249] !!!!! AsyncGPUModelRunnerOutput.init.wait_stream.end
(Worker_DP0_PP1_EP0 pid=915285) INFO 03-13 13:10:36 [gpu_model_runner.py:250] !!!!! AsyncGPUModelRunnerOutput.init.copy_submitted_event.begin
(Worker_DP3_PP1_EP3 pid=915297) INFO 03-13 13:10:36 [gpu_model_runner.py:247] !!!!! AsyncGPUModelRunnerOutput.init.wait_stream.begin
(Worker_DP2_PP1_EP2 pid=915293) INFO 03-13 13:10:36 [gpu_model_runner.py:254] !!!!! AsyncGPUModelRunnerOutput.init.copy_submitted_event.end
(Worker_DP2_PP1_EP2 pid=915293) INFO 03-13 13:10:36 [gpu_model_runner.py:255] !!!!! AsyncGPUModelRunnerOutput.init.token_copy.begin
(Worker_DP3_PP1_EP3 pid=915297) INFO 03-13 13:10:36 [gpu_model_runner.py:249] !!!!! AsyncGPUModelRunnerOutput.init.wait_stream.end
(Worker_DP0_PP1_EP0 pid=915285) INFO 03-13 13:10:36 [gpu_model_runner.py:254] !!!!! AsyncGPUModelRunnerOutput.init.copy_submitted_event.end
(Worker_DP0_PP1_EP0 pid=915285) INFO 03-13 13:10:36 [gpu_model_runner.py:255] !!!!! AsyncGPUModelRunnerOutput.init.token_copy.begin
(Worker_DP3_PP1_EP3 pid=915297) INFO 03-13 13:10:36 [gpu_model_runner.py:250] !!!!! AsyncGPUModelRunnerOutput.init.copy_submitted_event.begin
(Worker_DP2_PP1_EP2 pid=915293) INFO 03-13 13:10:36 [gpu_model_runner.py:259] !!!!! AsyncGPUModelRunnerOutput.init.token_copy.end
(Worker_DP3_PP1_EP3 pid=915297) INFO 03-13 13:10:36 [gpu_model_runner.py:254] !!!!! AsyncGPUModelRunnerOutput.init.copy_submitted_event.end
(Worker_DP0_PP1_EP0 pid=915285) INFO 03-13 13:10:36 [gpu_model_runner.py:259] !!!!! AsyncGPUModelRunnerOutput.init.token_copy.end
(Worker_DP2_PP1_EP2 pid=915293) INFO 03-13 13:10:36 [gpu_model_runner.py:260] !!!!! AsyncGPUModelRunnerOutput.init.logprobs_copy.begin enabled=False
(Worker_DP3_PP1_EP3 pid=915297) INFO 03-13 13:10:36 [gpu_model_runner.py:255] !!!!! AsyncGPUModelRunnerOutput.init.token_copy.begin
(Worker_DP0_PP1_EP0 pid=915285) INFO 03-13 13:10:36 [gpu_model_runner.py:260] !!!!! AsyncGPUModelRunnerOutput.init.logprobs_copy.begin enabled=False
(Worker_DP2_PP1_EP2 pid=915293) INFO 03-13 13:10:36 [gpu_model_runner.py:269] !!!!! AsyncGPUModelRunnerOutput.init.logprobs_copy.end enabled=False
(Worker_DP0_PP1_EP0 pid=915285) INFO 03-13 13:10:36 [gpu_model_runner.py:269] !!!!! AsyncGPUModelRunnerOutput.init.logprobs_copy.end enabled=False
(Worker_DP3_PP1_EP3 pid=915297) INFO 03-13 13:10:36 [gpu_model_runner.py:259] !!!!! AsyncGPUModelRunnerOutput.init.token_copy.end
(Worker_DP0_PP1_EP0 pid=915285) INFO 03-13 13:10:36 [gpu_model_runner.py:273] !!!!! AsyncGPUModelRunnerOutput.init.event_record.begin
(Worker_DP2_PP1_EP2 pid=915293) INFO 03-13 13:10:36 [gpu_model_runner.py:273] !!!!! AsyncGPUModelRunnerOutput.init.event_record.begin
(Worker_DP3_PP1_EP3 pid=915297) INFO 03-13 13:10:36 [gpu_model_runner.py:260] !!!!! AsyncGPUModelRunnerOutput.init.logprobs_copy.begin enabled=False
(Worker_DP3_PP1_EP3 pid=915297) INFO 03-13 13:10:36 [gpu_model_runner.py:269] !!!!! AsyncGPUModelRunnerOutput.init.logprobs_copy.end enabled=False
(Worker_DP0_PP1_EP0 pid=915285) INFO 03-13 13:10:36 [gpu_model_runner.py:275] !!!!! AsyncGPUModelRunnerOutput.init.event_record.end
(Worker_DP3_PP1_EP3 pid=915297) INFO 03-13 13:10:36 [gpu_model_runner.py:273] !!!!! AsyncGPUModelRunnerOutput.init.event_record.begin
(Worker_DP0_PP1_EP0 pid=915285) INFO 03-13 13:10:36 [gpu_model_runner.py:276] !!!!! AsyncGPUModelRunnerOutput.init.end sampled_token_ids_cpu_shape=(2, 1) has_logprobs=False
(Worker_DP2_PP1_EP2 pid=915293) INFO 03-13 13:10:36 [gpu_model_runner.py:275] !!!!! AsyncGPUModelRunnerOutput.init.event_record.end
(Worker_DP3_PP1_EP3 pid=915297) INFO 03-13 13:10:36 [gpu_model_runner.py:275] !!!!! AsyncGPUModelRunnerOutput.init.event_record.end
(Worker_DP2_PP1_EP2 pid=915293) INFO 03-13 13:10:36 [gpu_model_runner.py:276] !!!!! AsyncGPUModelRunnerOutput.init.end sampled_token_ids_cpu_shape=(2, 1) has_logprobs=False
(Worker_DP0_PP1_EP0 pid=915285) INFO 03-13 13:10:36 [multiproc_executor.py:974] !!!!! WorkerProc busy_loop.func.end rank=1 rpc_id=49 method=sample_tokens output_type=AsyncGPUModelRunnerOutput will_reply=True
(Worker_DP3_PP1_EP3 pid=915297) INFO 03-13 13:10:36 [gpu_model_runner.py:276] !!!!! AsyncGPUModelRunnerOutput.init.end sampled_token_ids_cpu_shape=(2, 1) has_logprobs=False
(Worker_DP2_PP1_EP2 pid=915293) INFO 03-13 13:10:36 [multiproc_executor.py:974] !!!!! WorkerProc busy_loop.func.end rank=1 rpc_id=49 method=sample_tokens output_type=AsyncGPUModelRunnerOutput will_reply=True
