(Worker_DP2_PP1_EP2 pid=903261) INFO 03-13 12:05:56 [gpu_model_runner.py:250] !!!!! AsyncGPUModelRunnerOutput.init.copy_submitted_event.end
(Worker_DP1_PP1_EP1 pid=903262) INFO 03-13 12:05:56 [gpu_model_runner.py:250] !!!!! AsyncGPUModelRunnerOutput.init.copy_submitted_event.end
(Worker_DP0_PP1_EP0 pid=903270) INFO 03-13 12:05:56 [gpu_model_runner.py:271] !!!!! AsyncGPUModelRunnerOutput.init.event_record.end
(Worker_DP2_PP1_EP2 pid=903261) INFO 03-13 12:05:56 [gpu_model_runner.py:251] !!!!! AsyncGPUModelRunnerOutput.init.token_copy.begin
(Worker_DP1_PP1_EP1 pid=903262) INFO 03-13 12:05:56 [gpu_model_runner.py:251] !!!!! AsyncGPUModelRunnerOutput.init.token_copy.begin
(Worker_DP0_PP1_EP0 pid=903270) INFO 03-13 12:05:56 [gpu_model_runner.py:272] !!!!! AsyncGPUModelRunnerOutput.init.end sampled_token_ids_cpu_shape=(2, 1) has_logprobs=False
(Worker_DP2_PP1_EP2 pid=903261) INFO 03-13 12:05:56 [gpu_model_runner.py:255] !!!!! AsyncGPUModelRunnerOutput.init.token_copy.end
(Worker_DP1_PP1_EP1 pid=903262) INFO 03-13 12:05:56 [gpu_model_runner.py:255] !!!!! AsyncGPUModelRunnerOutput.init.token_copy.end
(Worker_DP0_PP1_EP0 pid=903270) INFO 03-13 12:05:56 [multiproc_executor.py:974] !!!!! WorkerProc busy_loop.func.end rank=1 rpc_id=93 method=sample_tokens output_type=AsyncGPUModelRunnerOutput will_reply=True
(Worker_DP2_PP1_EP2 pid=903261) INFO 03-13 12:05:56 [gpu_model_runner.py:256] !!!!! AsyncGPUModelRunnerOutput.init.logprobs_copy.begin enabled=False
(Worker_DP1_PP1_EP1 pid=903262) INFO 03-13 12:05:56 [gpu_model_runner.py:256] !!!!! AsyncGPUModelRunnerOutput.init.logprobs_copy.begin enabled=False
(Worker_DP2_PP1_EP2 pid=903261) INFO 03-13 12:05:56 [gpu_model_runner.py:265] !!!!! AsyncGPUModelRunnerOutput.init.logprobs_copy.end enabled=False
(Worker_DP1_PP1_EP1 pid=903262) INFO 03-13 12:05:56 [gpu_model_runner.py:265] !!!!! AsyncGPUModelRunnerOutput.init.logprobs_copy.end enabled=False
(Worker_DP2_PP1_EP2 pid=903261) INFO 03-13 12:05:56 [gpu_model_runner.py:269] !!!!! AsyncGPUModelRunnerOutput.init.event_record.begin
(Worker_DP1_PP1_EP1 pid=903262) INFO 03-13 12:05:56 [gpu_model_runner.py:269] !!!!! AsyncGPUModelRunnerOutput.init.event_record.begin
(Worker_DP2_PP1_EP2 pid=903261) INFO 03-13 12:05:56 [gpu_model_runner.py:271] !!!!! AsyncGPUModelRunnerOutput.init.event_record.end
(Worker_DP1_PP1_EP1 pid=903262) INFO 03-13 12:05:56 [gpu_model_runner.py:271] !!!!! AsyncGPUModelRunnerOutput.init.event_record.end
(Worker_DP1_PP1_EP1 pid=903262) INFO 03-13 12:05:56 [gpu_model_runner.py:272] !!!!! AsyncGPUModelRunnerOutput.init.end sampled_token_ids_cpu_shape=(2, 1) has_logprobs=False
(Worker_DP2_PP1_EP2 pid=903261) INFO 03-13 12:05:56 [gpu_model_runner.py:272] !!!!! AsyncGPUModelRunnerOutput.init.end sampled_token_ids_cpu_shape=(2, 1) has_logprobs=False
(Worker_DP1_PP1_EP1 pid=903262) INFO 03-13 12:05:56 [multiproc_executor.py:974] !!!!! WorkerProc busy_loop.func.end rank=1 rpc_id=91 method=sample_tokens output_type=AsyncGPUModelRunnerOutput will_reply=True
(Worker_DP2_PP1_EP2 pid=903261) INFO 03-13 12:05:56 [multiproc_executor.py:974] !!!!! WorkerProc busy_loop.func.end rank=1 rpc_id=89 method=sample_tokens output_type=AsyncGPUModelRunnerOutput will_reply=True
(Worker_DP0_PP1_EP0 pid=903270) INFO 03-13 12:05:56 [multiproc_executor.py:974] !!!!! WorkerProc busy_loop.func.end rank=1 rpc_id=94 method=execute_model output_type=ModelRunnerOutput will_reply=True
(Worker_DP0_PP1_EP0 pid=903270) INFO 03-13 12:05:56 [multiproc_executor.py:942] !!!!! WorkerProc async_output_busy_loop.dequeue rank=1 rpc_id=93 output_type=AsyncGPUModelRunnerOutput
(Worker_DP2_PP1_EP2 pid=903261) INFO 03-13 12:05:56 [multiproc_executor.py:942] !!!!! WorkerProc async_output_busy_loop.dequeue rank=1 rpc_id=89 output_type=AsyncGPUModelRunnerOutput
(Worker_DP0_PP1_EP0 pid=903270) INFO 03-13 12:05:56 [gpu_model_runner.py:284] !!!!! AsyncGPUModelRunnerOutput.get_output.begin sampled_token_ids_cpu_shape=(2, 1) invalid_req_count=0 has_logprobs=False
(Worker_DP1_PP1_EP1 pid=903262) INFO 03-13 12:05:56 [multiproc_executor.py:942] !!!!! WorkerProc async_output_busy_loop.dequeue rank=1 rpc_id=91 output_type=AsyncGPUModelRunnerOutput
(Worker_DP1_PP1_EP1 pid=903262) INFO 03-13 12:05:56 [gpu_model_runner.py:284] !!!!! AsyncGPUModelRunnerOutput.get_output.begin sampled_token_ids_cpu_shape=(2, 1) invalid_req_count=0 has_logprobs=False
(Worker_DP2_PP1_EP2 pid=903261) INFO 03-13 12:05:56 [multiproc_executor.py:974] !!!!! WorkerProc busy_loop.func.end rank=1 rpc_id=90 method=execute_model output_type=ModelRunnerOutput will_reply=True
(Worker_DP2_PP1_EP2 pid=903261) INFO 03-13 12:05:56 [gpu_model_runner.py:284] !!!!! AsyncGPUModelRunnerOutput.get_output.begin sampled_token_ids_cpu_shape=(2, 1) invalid_req_count=0 has_logprobs=False
(Worker_DP0_PP1_EP0 pid=903270) INFO 03-13 12:05:56 [gpu_model_runner.py:292] !!!!! AsyncGPUModelRunnerOutput.get_output.sync.begin max_gen_len=1
(Worker_DP1_PP1_EP1 pid=903262) INFO 03-13 12:05:56 [multiproc_executor.py:974] !!!!! WorkerProc busy_loop.func.end rank=1 rpc_id=92 method=execute_model output_type=ModelRunnerOutput will_reply=True
(Worker_DP0_PP1_EP0 pid=903270) INFO 03-13 12:05:56 [gpu_model_runner.py:301] !!!!! AsyncGPUModelRunnerOutput.get_output.sync.wait elapsed_ms=0 ready_event=False copy_submitted_event=False, stage_events={'hidden_states_recv_comm_done': True, 'hidden_states_local_copy_done': True}
(Worker_DP2_PP1_EP2 pid=903261) INFO 03-13 12:05:56 [gpu_model_runner.py:292] !!!!! AsyncGPUModelRunnerOutput.get_output.sync.begin max_gen_len=1
(Worker_DP1_PP1_EP1 pid=903262) INFO 03-13 12:05:56 [gpu_model_runner.py:292] !!!!! AsyncGPUModelRunnerOutput.get_output.sync.begin max_gen_len=1
(Worker_DP2_PP1_EP2 pid=903261) INFO 03-13 12:05:56 [gpu_model_runner.py:301] !!!!! AsyncGPUModelRunnerOutput.get_output.sync.wait elapsed_ms=0 ready_event=False copy_submitted_event=False, stage_events={'hidden_states_recv_comm_done': True, 'hidden_states_local_copy_done': True}
(Worker_DP1_PP1_EP1 pid=903262) INFO 03-13 12:05:56 [gpu_model_runner.py:301] !!!!! AsyncGPUModelRunnerOutput.get_output.sync.wait elapsed_ms=0 ready_event=False copy_submitted_event=False, stage_events={'hidden_states_recv_comm_done': True, 'hidden_states_local_copy_done': True}
(Worker_DP0_PP1_EP0 pid=903270) INFO 03-13 12:05:56 [gpu_model_runner.py:323] !!!!! AsyncGPUModelRunnerOutput.get_output.sync.end max_gen_len=1 elapsed_ms=100
(Worker_DP0_PP1_EP0 pid=903270) INFO 03-13 12:05:56 [gpu_model_runner.py:351] !!!!! AsyncGPUModelRunnerOutput.get_output.end req_count=2 sampled_rows=2 has_logprobs=False
(Worker_DP0_PP1_EP0 pid=903270) INFO 03-13 12:05:56 [multiproc_executor.py:910] !!!!! WorkerProc enqueue_output.begin rank=1 rpc_id=93 status=SUCCESS output_type=ModelRunnerOutput
(Worker_DP0_PP1_EP0 pid=903270) INFO 03-13 12:05:56 [multiproc_executor.py:919] !!!!! WorkerProc enqueue_output.end rank=1 rpc_id=93 status=SUCCESS output_type=ModelRunnerOutput
(Worker_DP0_PP1_EP0 pid=903270) INFO 03-13 12:05:56 [multiproc_executor.py:950] !!!!! WorkerProc async_output_busy_loop.enqueue_done rank=1 rpc_id=93 output_type=AsyncGPUModelRunnerOutput
(Worker_DP2_PP1_EP2 pid=903261) INFO 03-13 12:05:56 [gpu_model_runner.py:323] !!!!! AsyncGPUModelRunnerOutput.get_output.sync.end max_gen_len=1 elapsed_ms=100
(EngineCore_DP0 pid=901869) INFO 03-13 12:05:56 [multiproc_executor.py:398] !!!!! Executor collective_rpc.wait_response.dequeue.end rpc_id=93 method=sample_tokens response_index=0 response_rpc_id=93 status=SUCCESS result_type=ModelRunnerOutput
(Worker_DP2_PP1_EP2 pid=903261) INFO 03-13 12:05:56 [gpu_model_runner.py:351] !!!!! AsyncGPUModelRunnerOutput.get_output.end req_count=2 sampled_rows=2 has_logprobs=False
(Worker_DP0_PP1_EP0 pid=903270) INFO 03-13 12:05:56 [multiproc_executor.py:942] !!!!! WorkerProc async_output_busy_loop.dequeue rank=1 rpc_id=94 output_type=ModelRunnerOutput
(Worker_DP0_PP1_EP0 pid=903270) INFO 03-13 12:05:56 [multiproc_executor.py:910] !!!!! WorkerProc enqueue_output.begin rank=1 rpc_id=94 status=SUCCESS output_type=ModelRunnerOutput
(Worker_DP0_PP1_EP0 pid=903270) INFO 03-13 12:05:56 [multiproc_executor.py:919] !!!!! WorkerProc enqueue_output.end rank=1 rpc_id=94 status=SUCCESS output_type=ModelRunnerOutput
(Worker_DP0_PP1_EP0 pid=903270) INFO 03-13 12:05:56 [multiproc_executor.py:950] !!!!! WorkerProc async_output_busy_loop.enqueue_done rank=1 rpc_id=94 output_type=ModelRunnerOutput
(Worker_DP2_PP1_EP2 pid=903261) INFO 03-13 12:05:56 [multiproc_executor.py:910] !!!!! WorkerProc enqueue_output.begin rank=1 rpc_id=89 status=SUCCESS output_type=ModelRunnerOutput
(Worker_DP1_PP1_EP1 pid=903262) INFO 03-13 12:05:56 [gpu_model_runner.py:323] !!!!! AsyncGPUModelRunnerOutput.get_output.sync.end max_gen_len=1 elapsed_ms=100
(EngineCore_DP0 pid=901869) INFO 03-13 12:05:56 [multiproc_executor.py:398] !!!!! Executor collective_rpc.wait_response.dequeue.end rpc_id=94 method=execute_model response_index=0 response_rpc_id=94 status=SUCCESS result_type=ModelRunnerOutput
(Worker_DP1_PP1_EP1 pid=903262) INFO 03-13 12:05:56 [gpu_model_runner.py:351] !!!!! AsyncGPUModelRunnerOutput.get_output.end req_count=2 sampled_rows=2 has_logprobs=False
(Worker_DP1_PP1_EP1 pid=903262) INFO 03-13 12:05:56 [multiproc_executor.py:910] !!!!! WorkerProc enqueue_output.begin rank=1 rpc_id=91 status=SUCCESS output_type=ModelRunnerOutput
(Worker_DP2_PP1_EP2 pid=903261) INFO 03-13 12:05:56 [multiproc_executor.py:919] !!!!! WorkerProc enqueue_output.end rank=1 rpc_id=89 status=SUCCESS output_type=ModelRunnerOutput
(Worker_DP1_PP1_EP1 pid=903262) INFO 03-13 12:05:56 [multiproc_executor.py:919] !!!!! WorkerProc enqueue_output.end rank=1 rpc_id=91 status=SUCCESS output_type=ModelRunnerOutput
(EngineCore_DP2 pid=901871) INFO 03-13 12:05:56 [multiproc_executor.py:398] !!!!! Executor collective_rpc.wait_response.dequeue.end rpc_id=89 method=sample_tokens response_index=0 response_rpc_id=89 status=SUCCESS result_type=ModelRunnerOutput
(EngineCore_DP1 pid=901870) INFO 03-13 12:05:56 [multiproc_executor.py:398] !!!!! Executor collective_rpc.wait_response.dequeue.end rpc_id=91 method=sample_tokens response_index=0 response_rpc_id=91 status=SUCCESS result_type=ModelRunnerOutput
(Worker_DP1_PP1_EP1 pid=903262) INFO 03-13 12:05:56 [multiproc_executor.py:950] !!!!! WorkerProc async_output_busy_loop.enqueue_done rank=1 rpc_id=91 output_type=AsyncGPUModelRunnerOutput
(Worker_DP2_PP1_EP2 pid=903261) INFO 03-13 12:05:56 [multiproc_executor.py:950] !!!!! WorkerProc async_output_busy_loop.enqueue_done rank=1 rpc_id=89 output_type=AsyncGPUModelRunnerOutput
(Worker_DP2_PP1_EP2 pid=903261) INFO 03-13 12:05:56 [multiproc_executor.py:942] !!!!! WorkerProc async_output_busy_loop.dequeue rank=1 rpc_id=90 output_type=ModelRunnerOutput
(Worker_DP1_PP1_EP1 pid=903262) INFO 03-13 12:05:56 [multiproc_executor.py:942] !!!!! WorkerProc async_output_busy_loop.dequeue rank=1 rpc_id=92 output_type=ModelRunnerOutput
(Worker_DP1_PP1_EP1 pid=903262) INFO 03-13 12:05:56 [multiproc_executor.py:910] !!!!! WorkerProc enqueue_output.begin rank=1 rpc_id=92 status=SUCCESS output_type=ModelRunnerOutput
(Worker_DP2_PP1_EP2 pid=903261) INFO 03-13 12:05:56 [multiproc_executor.py:910] !!!!! WorkerProc enqueue_output.begin rank=1 rpc_id=90 status=SUCCESS output_type=ModelRunnerOutput
(Worker_DP2_PP1_EP2 pid=903261) INFO 03-13 12:05:56 [multiproc_executor.py:919] !!!!! WorkerProc enqueue_output.end rank=1 rpc_id=90 status=SUCCESS output_type=ModelRunnerOutput
(Worker_DP2_PP1_EP2 pid=903261) INFO 03-13 12:05:56 [multiproc_executor.py:950] !!!!! WorkerProc async_output_busy_loop.enqueue_done rank=1 rpc_id=90 output_type=ModelRunnerOutput
(Worker_DP1_PP1_EP1 pid=903262) INFO 03-13 12:05:56 [multiproc_executor.py:919] !!!!! WorkerProc enqueue_output.end rank=1 rpc_id=92 status=SUCCESS output_type=ModelRunnerOutput
(EngineCore_DP2 pid=901871) INFO 03-13 12:05:56 [multiproc_executor.py:398] !!!!! Executor collective_rpc.wait_response.dequeue.end rpc_id=90 method=execute_model response_index=0 response_rpc_id=90 status=SUCCESS result_type=ModelRunnerOutput
(EngineCore_DP1 pid=901870) INFO 03-13 12:05:56 [multiproc_executor.py:398] !!!!! Executor collective_rpc.wait_response.dequeue.end rpc_id=92 method=execute_model response_index=0 response_rpc_id=92 status=SUCCESS result_type=ModelRunnerOutput
(Worker_DP1_PP1_EP1 pid=903262) INFO 03-13 12:05:56 [multiproc_executor.py:950] !!!!! WorkerProc async_output_busy_loop.enqueue_done rank=1 rpc_id=92 output_type=ModelRunnerOutput
(Worker_DP3_PP0_EP3 pid=903265) INFO 03-13 12:05:56 [model_runner_v1.py:1316] !!!!! DefaultStream execute_model.forward.begin num_tokens_padded=6 num_scheduled_tokens=6 is_last_pp=False
(Worker_DP3_PP0_EP3 pid=903265) INFO 03-13 12:05:56 [mla_v1.py:1009] !!!!! DefaultStream mla.chunk.cache_load.begin chunk_idx=0 toks=4096
(Worker_DP3_PP0_EP3 pid=903265) INFO 03-13 12:05:56 [mla_v1.py:1024] !!!!! DefaultStream mla.chunk.cache_load.end chunk_idx=0 toks=4096
(Worker_DP3_PP0_EP3 pid=903265) INFO 03-13 12:05:56 [mla_v1.py:1043] !!!!! DefaultStream mla.chunk.ring_mla.begin chunk_idx=0 toks=4096
(Worker_DP3_PP0_EP3 pid=903265) INFO 03-13 12:05:56 [mla_v1.py:1069] !!!!! DefaultStream mla.chunk.ring_mla.end chunk_idx=0 toks=4096
(Worker_DP3_PP0_EP3 pid=903265) INFO 03-13 12:05:56 [mla_v1.py:1009] !!!!! DefaultStream mla.chunk.cache_load.begin chunk_idx=0 toks=4096
(Worker_DP3_PP0_EP3 pid=903265) INFO 03-13 12:05:56 [mla_v1.py:1024] !!!!! DefaultStream mla.chunk.cache_load.end chunk_idx=0 toks=4096
(Worker_DP3_PP0_EP3 pid=903265) INFO 03-13 12:05:56 [mla_v1.py:1043] !!!!! DefaultStream mla.chunk.ring_mla.begin chunk_idx=0 toks=4096
(Worker_DP3_PP0_EP3 pid=903265) INFO 03-13 12:05:56 [mla_v1.py:1069] !!!!! DefaultStream mla.chunk.ring_mla.end chunk_idx=0 toks=4096
(Worker_DP3_PP0_EP3 pid=903265) INFO 03-13 12:05:56 [mla_v1.py:1009] !!!!! DefaultStream mla.chunk.cache_load.begin chunk_idx=0 toks=4096
(Worker_DP3_PP0_EP3 pid=903265) INFO 03-13 12:05:56 [mla_v1.py:1024] !!!!! DefaultStream mla.chunk.cache_load.end chunk_idx=0 toks=4096
(Worker_DP3_PP0_EP3 pid=903265) INFO 03-13 12:05:56 [mla_v1.py:1043] !!!!! DefaultStream mla.chunk.ring_mla.begin chunk_idx=0 toks=4096
(Worker_DP3_PP0_EP3 pid=903265) INFO 03-13 12:05:56 [mla_v1.py:1069] !!!!! DefaultStream mla.chunk.ring_mla.end chunk_idx=0 toks=4096
(Worker_DP3_PP0_EP3 pid=903265) INFO 03-13 12:05:56 [mla_v1.py:1009] !!!!! DefaultStream mla.chunk.cache_load.begin chunk_idx=0 toks=4096
(Worker_DP3_PP0_EP3 pid=903265) INFO 03-13 12:05:56 [mla_v1.py:1024] !!!!! DefaultStream mla.chunk.cache_load.end chunk_idx=0 toks=4096
(Worker_DP3_PP0_EP3 pid=903265) INFO 03-13 12:05:56 [mla_v1.py:1043] !!!!! DefaultStream mla.chunk.ring_mla.begin chunk_idx=0 toks=4096
(Worker_DP3_PP0_EP3 pid=903265) INFO 03-13 12:05:56 [mla_v1.py:1069] !!!!! DefaultStream mla.chunk.ring_mla.end chunk_idx=0 toks=4096
(Worker_DP3_PP0_EP3 pid=903265) INFO 03-13 12:05:56 [mla_v1.py:1009] !!!!! DefaultStream mla.chunk.cache_load.begin chunk_idx=0 toks=4096
(Worker_DP3_PP0_EP3 pid=903265) INFO 03-13 12:05:56 [mla_v1.py:1024] !!!!! DefaultStream mla.chunk.cache_load.end chunk_idx=0 toks=4096
(Worker_DP3_PP0_EP3 pid=903265) INFO 03-13 12:05:56 [mla_v1.py:1043] !!!!! DefaultStream mla.chunk.ring_mla.begin chunk_idx=0 toks=4096
(Worker_DP3_PP0_EP3 pid=903265) INFO 03-13 12:05:56 [mla_v1.py:1069] !!!!! DefaultStream mla.chunk.ring_mla.end chunk_idx=0 toks=4096
(Worker_DP3_PP0_EP3 pid=903265) INFO 03-13 12:05:56 [mla_v1.py:1009] !!!!! DefaultStream mla.chunk.cache_load.begin chunk_idx=0 toks=4096
(Worker_DP3_PP0_EP3 pid=903265) INFO 03-13 12:05:56 [mla_v1.py:1024] !!!!! DefaultStream mla.chunk.cache_load.end chunk_idx=0 toks=4096
(Worker_DP3_PP0_EP3 pid=903265) INFO 03-13 12:05:56 [mla_v1.py:1043] !!!!! DefaultStream mla.chunk.ring_mla.begin chunk_idx=0 toks=4096
(Worker_DP3_PP0_EP3 pid=903265) INFO 03-13 12:05:56 [mla_v1.py:1069] !!!!! DefaultStream mla.chunk.ring_mla.end chunk_idx=0 toks=4096
(Worker_DP3_PP0_EP3 pid=903265) INFO 03-13 12:05:56 [mla_v1.py:1009] !!!!! DefaultStream mla.chunk.cache_load.begin chunk_idx=0 toks=4096
(Worker_DP3_PP0_EP3 pid=903265) INFO 03-13 12:05:56 [mla_v1.py:1024] !!!!! DefaultStream mla.chunk.cache_load.end chunk_idx=0 toks=4096
(Worker_DP3_PP0_EP3 pid=903265) INFO 03-13 12:05:56 [mla_v1.py:1043] !!!!! DefaultStream mla.chunk.ring_mla.begin chunk_idx=0 toks=4096
(Worker_DP3_PP0_EP3 pid=903265) INFO 03-13 12:05:56 [mla_v1.py:1069] !!!!! DefaultStream mla.chunk.ring_mla.end chunk_idx=0 toks=4096
(Worker_DP0_PP0_EP0 pid=903269) INFO 03-13 12:05:56 [multiproc_executor.py:974] !!!!! WorkerProc busy_loop.func.end rank=0 rpc_id=95 method=execute_dummy_batch output_type=NoneType will_reply=False
(Worker_DP0_PP0_EP0 pid=903269) INFO 03-13 12:05:56 [multiproc_executor.py:1016] !!!!! WorkerProc busy_loop.skip_output rank=0 rpc_id=95 method=execute_dummy_batch output_rank=1 reason=non_output_rank
(Worker_DP2_PP0_EP2 pid=903260) INFO 03-13 12:05:56 [multiproc_executor.py:974] !!!!! WorkerProc busy_loop.func.end rank=0 rpc_id=91 method=execute_dummy_batch output_type=NoneType will_reply=False
(Worker_DP2_PP0_EP2 pid=903260) INFO 03-13 12:05:56 [multiproc_executor.py:1016] !!!!! WorkerProc busy_loop.skip_output rank=0 rpc_id=91 method=execute_dummy_batch output_rank=1 reason=non_output_rank
(Worker_DP1_PP0_EP1 pid=903259) INFO 03-13 12:05:56 [multiproc_executor.py:974] !!!!! WorkerProc busy_loop.func.end rank=0 rpc_id=93 method=execute_dummy_batch output_type=NoneType will_reply=False
(Worker_DP1_PP0_EP1 pid=903259) INFO 03-13 12:05:56 [multiproc_executor.py:1016] !!!!! WorkerProc busy_loop.skip_output rank=0 rpc_id=93 method=execute_dummy_batch output_rank=1 reason=non_output_rank
(Worker_DP3_PP0_EP3 pid=903265) INFO 03-13 12:05:56 [mla_v1.py:1009] !!!!! DefaultStream mla.chunk.cache_load.begin chunk_idx=0 toks=4096
(Worker_DP3_PP0_EP3 pid=903265) INFO 03-13 12:05:56 [mla_v1.py:1024] !!!!! DefaultStream mla.chunk.cache_load.end chunk_idx=0 toks=4096
(Worker_DP3_PP0_EP3 pid=903265) INFO 03-13 12:05:56 [mla_v1.py:1043] !!!!! DefaultStream mla.chunk.ring_mla.begin chunk_idx=0 toks=4096
(Worker_DP3_PP0_EP3 pid=903265) INFO 03-13 12:05:56 [mla_v1.py:1069] !!!!! DefaultStream mla.chunk.ring_mla.end chunk_idx=0 toks=4096
(Worker_DP3_PP0_EP3 pid=903265) INFO 03-13 12:05:56 [mla_v1.py:1009] !!!!! DefaultStream mla.chunk.cache_load.begin chunk_idx=0 toks=4096
(Worker_DP3_PP0_EP3 pid=903265) INFO 03-13 12:05:56 [mla_v1.py:1024] !!!!! DefaultStream mla.chunk.cache_load.end chunk_idx=0 toks=4096
(Worker_DP3_PP0_EP3 pid=903265) INFO 03-13 12:05:56 [mla_v1.py:1043] !!!!! DefaultStream mla.chunk.ring_mla.begin chunk_idx=0 toks=4096
(Worker_DP3_PP0_EP3 pid=903265) INFO 03-13 12:05:56 [mla_v1.py:1069] !!!!! DefaultStream mla.chunk.ring_mla.end chunk_idx=0 toks=4096
(Worker_DP3_PP0_EP3 pid=903265) INFO 03-13 12:05:56 [mla_v1.py:1009] !!!!! DefaultStream mla.chunk.cache_load.begin chunk_idx=0 toks=4096
(Worker_DP3_PP0_EP3 pid=903265) INFO 03-13 12:05:56 [mla_v1.py:1024] !!!!! DefaultStream mla.chunk.cache_load.end chunk_idx=0 toks=4096
(Worker_DP3_PP0_EP3 pid=903265) INFO 03-13 12:05:56 [mla_v1.py:1043] !!!!! DefaultStream mla.chunk.ring_mla.begin chunk_idx=0 toks=4096
(Worker_DP3_PP0_EP3 pid=903265) INFO 03-13 12:05:56 [mla_v1.py:1069] !!!!! DefaultStream mla.chunk.ring_mla.end chunk_idx=0 toks=4096
(Worker_DP3_PP0_EP3 pid=903265) INFO 03-13 12:05:56 [mla_v1.py:1009] !!!!! DefaultStream mla.chunk.cache_load.begin chunk_idx=0 toks=4096
(Worker_DP3_PP0_EP3 pid=903265) INFO 03-13 12:05:56 [mla_v1.py:1024] !!!!! DefaultStream mla.chunk.cache_load.end chunk_idx=0 toks=4096
(Worker_DP3_PP0_EP3 pid=903265) INFO 03-13 12:05:56 [mla_v1.py:1043] !!!!! DefaultStream mla.chunk.ring_mla.begin chunk_idx=0 toks=4096
(Worker_DP3_PP0_EP3 pid=903265) INFO 03-13 12:05:56 [mla_v1.py:1069] !!!!! DefaultStream mla.chunk.ring_mla.end chunk_idx=0 toks=4096
(Worker_DP3_PP0_EP3 pid=903265) INFO 03-13 12:05:56 [mla_v1.py:1009] !!!!! DefaultStream mla.chunk.cache_load.begin chunk_idx=0 toks=4096
(Worker_DP3_PP0_EP3 pid=903265) INFO 03-13 12:05:56 [mla_v1.py:1024] !!!!! DefaultStream mla.chunk.cache_load.end chunk_idx=0 toks=4096
(Worker_DP3_PP0_EP3 pid=903265) INFO 03-13 12:05:56 [mla_v1.py:1043] !!!!! DefaultStream mla.chunk.ring_mla.begin chunk_idx=0 toks=4096
(Worker_DP3_PP0_EP3 pid=903265) INFO 03-13 12:05:56 [mla_v1.py:1069] !!!!! DefaultStream mla.chunk.ring_mla.end chunk_idx=0 toks=4096
(ApiServer_0 pid=901873) INFO:     127.0.0.1:35216 - "POST /v1/chat/completions HTTP/1.1" 200 OK
(Worker_DP3_PP0_EP3 pid=903265) INFO 03-13 12:05:56 [mla_v1.py:1009] !!!!! DefaultStream mla.chunk.cache_load.begin chunk_idx=0 toks=4096
(Worker_DP3_PP0_EP3 pid=903265) INFO 03-13 12:05:56 [mla_v1.py:1024] !!!!! DefaultStream mla.chunk.cache_load.end chunk_idx=0 toks=4096
(Worker_DP3_PP0_EP3 pid=903265) INFO 03-13 12:05:56 [mla_v1.py:1043] !!!!! DefaultStream mla.chunk.ring_mla.begin chunk_idx=0 toks=4096
(Worker_DP3_PP0_EP3 pid=903265) INFO 03-13 12:05:56 [mla_v1.py:1069] !!!!! DefaultStream mla.chunk.ring_mla.end chunk_idx=0 toks=4096
(Worker_DP3_PP0_EP3 pid=903265) INFO 03-13 12:05:56 [mla_v1.py:1009] !!!!! DefaultStream mla.chunk.cache_load.begin chunk_idx=0 toks=4096
(Worker_DP3_PP0_EP3 pid=903265) INFO 03-13 12:05:56 [mla_v1.py:1024] !!!!! DefaultStream mla.chunk.cache_load.end chunk_idx=0 toks=4096
(Worker_DP3_PP0_EP3 pid=903265) INFO 03-13 12:05:56 [mla_v1.py:1043] !!!!! DefaultStream mla.chunk.ring_mla.begin chunk_idx=0 toks=4096
(Worker_DP3_PP0_EP3 pid=903265) INFO 03-13 12:05:56 [mla_v1.py:1069] !!!!! DefaultStream mla.chunk.ring_mla.end chunk_idx=0 toks=4096
(Worker_DP3_PP0_EP3 pid=903265) INFO 03-13 12:05:56 [model_runner_v1.py:1326] !!!!! DefaultStream execute_model.forward.end num_tokens_padded=6 num_scheduled_tokens=6 output_type=IntermediateTensors
(Worker_DP3_PP0_EP3 pid=903265) INFO 03-13 12:05:56 [worker.py:433] !!!!! PP handoff disable_tp_all_gather tp_world_size=1
(Worker_DP3_PP0_EP3 pid=903265) INFO 03-13 12:05:56 [worker.py:440] !!!!! PP send hidden_states.pre_isend shape=(6, 2048) device=npu:0 stride=(2048, 1) is_contiguous=True
(Worker_DP3_PP0_EP3 pid=903265) INFO 03-13 12:05:56 [multiproc_executor.py:974] !!!!! WorkerProc busy_loop.func.end rank=0 rpc_id=91 method=execute_model output_type=NoneType will_reply=False
(Worker_DP3_PP0_EP3 pid=903265) INFO 03-13 12:05:56 [multiproc_executor.py:1016] !!!!! WorkerProc busy_loop.skip_output rank=0 rpc_id=91 method=execute_model output_rank=1 reason=non_output_rank
(Worker_DP3_PP1_EP3 pid=903266) INFO 03-13 12:05:56 [worker.py:404] !!!!! PP recv hidden_states.post_irecv shape=(6, 2048) device=npu:1 stride=(2048, 1) handle_count=2 postprocess_count=0
(Worker_DP3_PP0_EP3 pid=903265) INFO 03-13 12:05:56 [multiproc_executor.py:974] !!!!! WorkerProc busy_loop.func.end rank=0 rpc_id=92 method=sample_tokens output_type=NoneType will_reply=False
(Worker_DP3_PP0_EP3 pid=903265) INFO 03-13 12:05:56 [multiproc_executor.py:1016] !!!!! WorkerProc busy_loop.skip_output rank=0 rpc_id=92 method=sample_tokens output_rank=1 reason=non_output_rank
(Worker_DP3_PP0_EP3 pid=903265) INFO 03-13 12:05:56 [multiproc_executor.py:974] !!!!! WorkerProc busy_loop.func.end rank=0 rpc_id=93 method=execute_model output_type=ModelRunnerOutput will_reply=False
(Worker_DP3_PP0_EP3 pid=903265) INFO 03-13 12:05:56 [multiproc_executor.py:1016] !!!!! WorkerProc busy_loop.skip_output rank=0 rpc_id=93 method=execute_model output_rank=1 reason=non_output_rank
(Worker_DP3_PP1_EP3 pid=903266) INFO 03-13 12:05:56 [gpu_model_runner.py:2723] !!!!! Intermediate hidden_states wait_for_comm.begin num_tokens=6
(Worker_DP3_PP1_EP3 pid=903266) INFO 03-13 12:05:56 [gpu_worker.py:88] !!!!! AsyncIntermediateTensors.wait_for_comm.enter _comm_waited=False
(Worker_DP3_PP1_EP3 pid=903266) INFO 03-13 12:05:56 [gpu_worker.py:94] !!!!! AsyncIntermediateTensors.wait_for_comm.begin handle_count=2 postprocess_count=0
(Worker_DP3_PP1_EP3 pid=903266) INFO 03-13 12:05:56 [gpu_worker.py:102] !!!!! AsyncIntermediateTensors.wait_for_comm.handle.begin idx=0
(Worker_DP3_PP1_EP3 pid=903266) INFO 03-13 12:05:56 [gpu_worker.py:107] !!!!! AsyncIntermediateTensors.wait_for_comm.handle.end idx=0
(Worker_DP3_PP1_EP3 pid=903266) INFO 03-13 12:05:56 [gpu_worker.py:102] !!!!! AsyncIntermediateTensors.wait_for_comm.handle.begin idx=1
(Worker_DP3_PP1_EP3 pid=903266) INFO 03-13 12:05:56 [gpu_worker.py:107] !!!!! AsyncIntermediateTensors.wait_for_comm.handle.end idx=1
(Worker_DP3_PP1_EP3 pid=903266) INFO 03-13 12:05:56 [gpu_worker.py:127] !!!!! AsyncIntermediateTensors.wait_for_comm.ready hidden_states_shape=(6, 2048) device=npu:1 stride=(2048, 1)
(Worker_DP3_PP1_EP3 pid=903266) INFO 03-13 12:05:56 [gpu_model_runner.py:2729] !!!!! Intermediate hidden_states wait_for_comm.end num_tokens=6
(Worker_DP3_PP1_EP3 pid=903266) INFO 03-13 12:05:56 [gpu_model_runner.py:2738] !!!!! Intermediate hidden_states copy.begin copy_len=6 src_shape=(6, 2048) dst_shape=(32768, 2048) src_device=npu:1 dst_device=npu:1 src_stride=(2048, 1) dst_stride=(2048, 1)
(Worker_DP3_PP1_EP3 pid=903266) INFO 03-13 12:05:56 [gpu_model_runner.py:2754] !!!!! Intermediate hidden_states copy.end copy_len=6
(Worker_DP3_PP1_EP3 pid=903266) INFO 03-13 12:05:56 [model_runner_v1.py:1316] !!!!! DefaultStream execute_model.forward.begin num_tokens_padded=6 num_scheduled_tokens=6 is_last_pp=True
(Worker_DP3_PP1_EP3 pid=903266) INFO 03-13 12:05:56 [mla_v1.py:1009] !!!!! DefaultStream mla.chunk.cache_load.begin chunk_idx=0 toks=4096
(Worker_DP3_PP1_EP3 pid=903266) INFO 03-13 12:05:56 [mla_v1.py:1024] !!!!! DefaultStream mla.chunk.cache_load.end chunk_idx=0 toks=4096
(Worker_DP3_PP1_EP3 pid=903266) INFO 03-13 12:05:56 [mla_v1.py:1043] !!!!! DefaultStream mla.chunk.ring_mla.begin chunk_idx=0 toks=4096
(Worker_DP3_PP1_EP3 pid=903266) INFO 03-13 12:05:56 [mla_v1.py:1069] !!!!! DefaultStream mla.chunk.ring_mla.end chunk_idx=0 toks=4096
(Worker_DP3_PP1_EP3 pid=903266) INFO 03-13 12:05:56 [mla_v1.py:1009] !!!!! DefaultStream mla.chunk.cache_load.begin chunk_idx=0 toks=4096
(Worker_DP3_PP1_EP3 pid=903266) INFO 03-13 12:05:56 [mla_v1.py:1024] !!!!! DefaultStream mla.chunk.cache_load.end chunk_idx=0 toks=4096
(Worker_DP3_PP1_EP3 pid=903266) INFO 03-13 12:05:56 [mla_v1.py:1043] !!!!! DefaultStream mla.chunk.ring_mla.begin chunk_idx=0 toks=4096
(Worker_DP3_PP1_EP3 pid=903266) INFO 03-13 12:05:56 [mla_v1.py:1069] !!!!! DefaultStream mla.chunk.ring_mla.end chunk_idx=0 toks=4096
(ApiServer_3 pid=901876) INFO:     127.0.0.1:35218 - "POST /v1/chat/completions HTTP/1.1" 200 OK
(ApiServer_3 pid=901876) INFO:     127.0.0.1:35236 - "POST /v1/chat/completions HTTP/1.1" 200 OK
(Worker_DP3_PP1_EP3 pid=903266) INFO 03-13 12:05:56 [mla_v1.py:1009] !!!!! DefaultStream mla.chunk.cache_load.begin chunk_idx=0 toks=4096
(Worker_DP3_PP1_EP3 pid=903266) INFO 03-13 12:05:56 [mla_v1.py:1024] !!!!! DefaultStream mla.chunk.cache_load.end chunk_idx=0 toks=4096
(Worker_DP3_PP1_EP3 pid=903266) INFO 03-13 12:05:56 [mla_v1.py:1043] !!!!! DefaultStream mla.chunk.ring_mla.begin chunk_idx=0 toks=4096
(Worker_DP3_PP1_EP3 pid=903266) INFO 03-13 12:05:56 [mla_v1.py:1069] !!!!! DefaultStream mla.chunk.ring_mla.end chunk_idx=0 toks=4096
(Worker_DP3_PP1_EP3 pid=903266) INFO 03-13 12:05:56 [mla_v1.py:1009] !!!!! DefaultStream mla.chunk.cache_load.begin chunk_idx=0 toks=4096
(Worker_DP3_PP1_EP3 pid=903266) INFO 03-13 12:05:56 [mla_v1.py:1024] !!!!! DefaultStream mla.chunk.cache_load.end chunk_idx=0 toks=4096
(Worker_DP3_PP1_EP3 pid=903266) INFO 03-13 12:05:56 [mla_v1.py:1043] !!!!! DefaultStream mla.chunk.ring_mla.begin chunk_idx=0 toks=4096
(Worker_DP3_PP1_EP3 pid=903266) INFO 03-13 12:05:56 [mla_v1.py:1069] !!!!! DefaultStream mla.chunk.ring_mla.end chunk_idx=0 toks=4096
(Worker_DP3_PP1_EP3 pid=903266) INFO 03-13 12:05:56 [mla_v1.py:1009] !!!!! DefaultStream mla.chunk.cache_load.begin chunk_idx=0 toks=4096
(Worker_DP3_PP1_EP3 pid=903266) INFO 03-13 12:05:56 [mla_v1.py:1024] !!!!! DefaultStream mla.chunk.cache_load.end chunk_idx=0 toks=4096
(Worker_DP3_PP1_EP3 pid=903266) INFO 03-13 12:05:56 [mla_v1.py:1043] !!!!! DefaultStream mla.chunk.ring_mla.begin chunk_idx=0 toks=4096
(Worker_DP3_PP1_EP3 pid=903266) INFO 03-13 12:05:56 [mla_v1.py:1069] !!!!! DefaultStream mla.chunk.ring_mla.end chunk_idx=0 toks=4096
(Worker_DP3_PP1_EP3 pid=903266) INFO 03-13 12:05:56 [mla_v1.py:1009] !!!!! DefaultStream mla.chunk.cache_load.begin chunk_idx=0 toks=4096
(Worker_DP3_PP1_EP3 pid=903266) INFO 03-13 12:05:56 [mla_v1.py:1024] !!!!! DefaultStream mla.chunk.cache_load.end chunk_idx=0 toks=4096
(Worker_DP3_PP1_EP3 pid=903266) INFO 03-13 12:05:56 [mla_v1.py:1043] !!!!! DefaultStream mla.chunk.ring_mla.begin chunk_idx=0 toks=4096
(Worker_DP3_PP1_EP3 pid=903266) INFO 03-13 12:05:56 [mla_v1.py:1069] !!!!! DefaultStream mla.chunk.ring_mla.end chunk_idx=0 toks=4096
(Worker_DP0_PP1_EP0 pid=903270) INFO 03-13 12:05:56 [multiproc_executor.py:974] !!!!! WorkerProc busy_loop.func.end rank=1 rpc_id=95 method=execute_dummy_batch output_type=NoneType will_reply=True
(Worker_DP0_PP1_EP0 pid=903270) INFO 03-13 12:05:56 [multiproc_executor.py:942] !!!!! WorkerProc async_output_busy_loop.dequeue rank=1 rpc_id=95 output_type=NoneType
(Worker_DP0_PP1_EP0 pid=903270) INFO 03-13 12:05:56 [multiproc_executor.py:910] !!!!! WorkerProc enqueue_output.begin rank=1 rpc_id=95 status=SUCCESS output_type=NoneType
(Worker_DP0_PP1_EP0 pid=903270) INFO 03-13 12:05:56 [multiproc_executor.py:919] !!!!! WorkerProc enqueue_output.end rank=1 rpc_id=95 status=SUCCESS output_type=NoneType
(Worker_DP0_PP1_EP0 pid=903270) INFO 03-13 12:05:56 [multiproc_executor.py:950] !!!!! WorkerProc async_output_busy_loop.enqueue_done rank=1 rpc_id=95 output_type=NoneType
(EngineCore_DP0 pid=901869) INFO 03-13 12:05:56 [multiproc_executor.py:398] !!!!! Executor collective_rpc.wait_response.dequeue.end rpc_id=95 method=execute_dummy_batch response_index=0 response_rpc_id=95 status=SUCCESS result_type=NoneType
(Worker_DP3_PP1_EP3 pid=903266) INFO 03-13 12:05:56 [mla_v1.py:1009] !!!!! DefaultStream mla.chunk.cache_load.begin chunk_idx=0 toks=4096
(Worker_DP3_PP1_EP3 pid=903266) INFO 03-13 12:05:56 [mla_v1.py:1024] !!!!! DefaultStream mla.chunk.cache_load.end chunk_idx=0 toks=4096
(Worker_DP3_PP1_EP3 pid=903266) INFO 03-13 12:05:56 [mla_v1.py:1043] !!!!! DefaultStream mla.chunk.ring_mla.begin chunk_idx=0 toks=4096
(Worker_DP3_PP1_EP3 pid=903266) INFO 03-13 12:05:56 [mla_v1.py:1069] !!!!! DefaultStream mla.chunk.ring_mla.end chunk_idx=0 toks=4096
(Worker_DP1_PP1_EP1 pid=903262) INFO 03-13 12:05:56 [multiproc_executor.py:974] !!!!! WorkerProc busy_loop.func.end rank=1 rpc_id=93 method=execute_dummy_batch output_type=NoneType will_reply=True
(Worker_DP2_PP1_EP2 pid=903261) INFO 03-13 12:05:56 [multiproc_executor.py:974] !!!!! WorkerProc busy_loop.func.end rank=1 rpc_id=91 method=execute_dummy_batch output_type=NoneType will_reply=True
(Worker_DP0_PP1_EP0 pid=903270) INFO 03-13 12:05:56 [worker.py:393] !!!!! PP handoff disable_tp_all_gather tp_world_size=1
(Worker_DP1_PP1_EP1 pid=903262) INFO 03-13 12:05:56 [multiproc_executor.py:942] !!!!! WorkerProc async_output_busy_loop.dequeue rank=1 rpc_id=93 output_type=NoneType
(Worker_DP1_PP1_EP1 pid=903262) INFO 03-13 12:05:56 [multiproc_executor.py:910] !!!!! WorkerProc enqueue_output.begin rank=1 rpc_id=93 status=SUCCESS output_type=NoneType
(Worker_DP2_PP1_EP2 pid=903261) INFO 03-13 12:05:56 [multiproc_executor.py:942] !!!!! WorkerProc async_output_busy_loop.dequeue rank=1 rpc_id=91 output_type=NoneType
(Worker_DP2_PP1_EP2 pid=903261) INFO 03-13 12:05:56 [multiproc_executor.py:910] !!!!! WorkerProc enqueue_output.begin rank=1 rpc_id=91 status=SUCCESS output_type=NoneType
(Worker_DP1_PP1_EP1 pid=903262) INFO 03-13 12:05:56 [multiproc_executor.py:919] !!!!! WorkerProc enqueue_output.end rank=1 rpc_id=93 status=SUCCESS output_type=NoneType
(Worker_DP1_PP1_EP1 pid=903262) INFO 03-13 12:05:56 [multiproc_executor.py:950] !!!!! WorkerProc async_output_busy_loop.enqueue_done rank=1 rpc_id=93 output_type=NoneType
(EngineCore_DP1 pid=901870) INFO 03-13 12:05:56 [multiproc_executor.py:398] !!!!! Executor collective_rpc.wait_response.dequeue.end rpc_id=93 method=execute_dummy_batch response_index=0 response_rpc_id=93 status=SUCCESS result_type=NoneType
(Worker_DP2_PP1_EP2 pid=903261) INFO 03-13 12:05:56 [multiproc_executor.py:919] !!!!! WorkerProc enqueue_output.end rank=1 rpc_id=91 status=SUCCESS output_type=NoneType
(Worker_DP2_PP1_EP2 pid=903261) INFO 03-13 12:05:56 [multiproc_executor.py:950] !!!!! WorkerProc async_output_busy_loop.enqueue_done rank=1 rpc_id=91 output_type=NoneType
(EngineCore_DP2 pid=901871) INFO 03-13 12:05:56 [multiproc_executor.py:398] !!!!! Executor collective_rpc.wait_response.dequeue.end rpc_id=91 method=execute_dummy_batch response_index=0 response_rpc_id=91 status=SUCCESS result_type=NoneType
(Worker_DP2_PP1_EP2 pid=903261) INFO 03-13 12:05:56 [multiproc_executor.py:974] !!!!! WorkerProc busy_loop.func.end rank=1 rpc_id=92 method=execute_model output_type=ModelRunnerOutput will_reply=True
(Worker_DP2_PP0_EP2 pid=903260) INFO 03-13 12:05:56 [multiproc_executor.py:974] !!!!! WorkerProc busy_loop.func.end rank=0 rpc_id=92 method=execute_model output_type=ModelRunnerOutput will_reply=False
(Worker_DP1_PP1_EP1 pid=903262) INFO 03-13 12:05:56 [worker.py:393] !!!!! PP handoff disable_tp_all_gather tp_world_size=1
(Worker_DP2_PP0_EP2 pid=903260) INFO 03-13 12:05:56 [multiproc_executor.py:1016] !!!!! WorkerProc busy_loop.skip_output rank=0 rpc_id=92 method=execute_model output_rank=1 reason=non_output_rank
(Worker_DP2_PP1_EP2 pid=903261) INFO 03-13 12:05:56 [multiproc_executor.py:942] !!!!! WorkerProc async_output_busy_loop.dequeue rank=1 rpc_id=92 output_type=ModelRunnerOutput
(Worker_DP2_PP1_EP2 pid=903261) INFO 03-13 12:05:56 [multiproc_executor.py:910] !!!!! WorkerProc enqueue_output.begin rank=1 rpc_id=92 status=SUCCESS output_type=ModelRunnerOutput
(Worker_DP2_PP1_EP2 pid=903261) INFO 03-13 12:05:56 [multiproc_executor.py:919] !!!!! WorkerProc enqueue_output.end rank=1 rpc_id=92 status=SUCCESS output_type=ModelRunnerOutput
(Worker_DP2_PP1_EP2 pid=903261) INFO 03-13 12:05:56 [multiproc_executor.py:950] !!!!! WorkerProc async_output_busy_loop.enqueue_done rank=1 rpc_id=92 output_type=ModelRunnerOutput
(EngineCore_DP2 pid=901871) INFO 03-13 12:05:56 [multiproc_executor.py:398] !!!!! Executor collective_rpc.wait_response.dequeue.end rpc_id=92 method=execute_model response_index=0 response_rpc_id=92 status=SUCCESS result_type=ModelRunnerOutput
(Worker_DP3_PP1_EP3 pid=903266) INFO 03-13 12:05:56 [mla_v1.py:1009] !!!!! DefaultStream mla.chunk.cache_load.begin chunk_idx=0 toks=4096
(Worker_DP3_PP1_EP3 pid=903266) INFO 03-13 12:05:56 [mla_v1.py:1024] !!!!! DefaultStream mla.chunk.cache_load.end chunk_idx=0 toks=4096
(Worker_DP3_PP1_EP3 pid=903266) INFO 03-13 12:05:56 [mla_v1.py:1043] !!!!! DefaultStream mla.chunk.ring_mla.begin chunk_idx=0 toks=4096
(Worker_DP3_PP1_EP3 pid=903266) INFO 03-13 12:05:56 [mla_v1.py:1069] !!!!! DefaultStream mla.chunk.ring_mla.end chunk_idx=0 toks=4096
(Worker_DP3_PP1_EP3 pid=903266) INFO 03-13 12:05:56 [mla_v1.py:1009] !!!!! DefaultStream mla.chunk.cache_load.begin chunk_idx=0 toks=4096
(Worker_DP3_PP1_EP3 pid=903266) INFO 03-13 12:05:56 [mla_v1.py:1024] !!!!! DefaultStream mla.chunk.cache_load.end chunk_idx=0 toks=4096
(Worker_DP3_PP1_EP3 pid=903266) INFO 03-13 12:05:56 [mla_v1.py:1043] !!!!! DefaultStream mla.chunk.ring_mla.begin chunk_idx=0 toks=4096
(Worker_DP3_PP1_EP3 pid=903266) INFO 03-13 12:05:56 [mla_v1.py:1069] !!!!! DefaultStream mla.chunk.ring_mla.end chunk_idx=0 toks=4096
(Worker_DP3_PP1_EP3 pid=903266) INFO 03-13 12:05:56 [mla_v1.py:1009] !!!!! DefaultStream mla.chunk.cache_load.begin chunk_idx=0 toks=4096
(Worker_DP3_PP1_EP3 pid=903266) INFO 03-13 12:05:56 [mla_v1.py:1024] !!!!! DefaultStream mla.chunk.cache_load.end chunk_idx=0 toks=4096
(Worker_DP3_PP1_EP3 pid=903266) INFO 03-13 12:05:56 [mla_v1.py:1043] !!!!! DefaultStream mla.chunk.ring_mla.begin chunk_idx=0 toks=4096
(Worker_DP3_PP1_EP3 pid=903266) INFO 03-13 12:05:56 [mla_v1.py:1069] !!!!! DefaultStream mla.chunk.ring_mla.end chunk_idx=0 toks=4096
(Worker_DP3_PP1_EP3 pid=903266) INFO 03-13 12:05:56 [mla_v1.py:1009] !!!!! DefaultStream mla.chunk.cache_load.begin chunk_idx=0 toks=4096
(Worker_DP3_PP1_EP3 pid=903266) INFO 03-13 12:05:56 [mla_v1.py:1024] !!!!! DefaultStream mla.chunk.cache_load.end chunk_idx=0 toks=4096
(Worker_DP3_PP1_EP3 pid=903266) INFO 03-13 12:05:56 [mla_v1.py:1043] !!!!! DefaultStream mla.chunk.ring_mla.begin chunk_idx=0 toks=4096
(Worker_DP3_PP1_EP3 pid=903266) INFO 03-13 12:05:56 [mla_v1.py:1069] !!!!! DefaultStream mla.chunk.ring_mla.end chunk_idx=0 toks=4096
(Worker_DP3_PP1_EP3 pid=903266) INFO 03-13 12:05:56 [mla_v1.py:1009] !!!!! DefaultStream mla.chunk.cache_load.begin chunk_idx=0 toks=4096
(Worker_DP3_PP1_EP3 pid=903266) INFO 03-13 12:05:56 [mla_v1.py:1024] !!!!! DefaultStream mla.chunk.cache_load.end chunk_idx=0 toks=4096
(Worker_DP3_PP1_EP3 pid=903266) INFO 03-13 12:05:56 [mla_v1.py:1043] !!!!! DefaultStream mla.chunk.ring_mla.begin chunk_idx=0 toks=4096
(Worker_DP3_PP1_EP3 pid=903266) INFO 03-13 12:05:56 [mla_v1.py:1069] !!!!! DefaultStream mla.chunk.ring_mla.end chunk_idx=0 toks=4096
(Worker_DP3_PP1_EP3 pid=903266) INFO 03-13 12:05:56 [mla_v1.py:1009] !!!!! DefaultStream mla.chunk.cache_load.begin chunk_idx=0 toks=4096
(Worker_DP3_PP1_EP3 pid=903266) INFO 03-13 12:05:56 [mla_v1.py:1024] !!!!! DefaultStream mla.chunk.cache_load.end chunk_idx=0 toks=4096
(Worker_DP3_PP1_EP3 pid=903266) INFO 03-13 12:05:56 [mla_v1.py:1043] !!!!! DefaultStream mla.chunk.ring_mla.begin chunk_idx=0 toks=4096
(Worker_DP3_PP1_EP3 pid=903266) INFO 03-13 12:05:56 [mla_v1.py:1069] !!!!! DefaultStream mla.chunk.ring_mla.end chunk_idx=0 toks=4096
(Worker_DP3_PP1_EP3 pid=903266) INFO 03-13 12:05:56 [model_runner_v1.py:1326] !!!!! DefaultStream execute_model.forward.end num_tokens_padded=6 num_scheduled_tokens=6 output_type=Tensor
(Worker_DP3_PP1_EP3 pid=903266) INFO 03-13 12:05:56 [model_runner_v1.py:1407] !!!!! DefaultStream execute_model.compute_logits.begin sample_hidden_states_shape=(1, 2048)
(Worker_DP3_PP1_EP3 pid=903266) INFO 03-13 12:05:56 [model_runner_v1.py:1413] !!!!! DefaultStream execute_model.compute_logits.end logits_shape=(1, 102400) logits_dtype=torch.bfloat16
(Worker_DP3_PP1_EP3 pid=903266) INFO 03-13 12:05:56 [multiproc_executor.py:974] !!!!! WorkerProc busy_loop.func.end rank=1 rpc_id=91 method=execute_model output_type=NoneType will_reply=True
(Worker_DP3_PP1_EP3 pid=903266) INFO 03-13 12:05:56 [model_runner_v1.py:1511] !!!!! DefaultStream sample_tokens.sample.begin logits_shape=(1, 102400)
(Worker_DP3_PP1_EP3 pid=903266) INFO 03-13 12:05:56 [multiproc_executor.py:942] !!!!! WorkerProc async_output_busy_loop.dequeue rank=1 rpc_id=91 output_type=NoneType
(Worker_DP3_PP1_EP3 pid=903266) INFO 03-13 12:05:56 [multiproc_executor.py:910] !!!!! WorkerProc enqueue_output.begin rank=1 rpc_id=91 status=SUCCESS output_type=NoneType
(Worker_DP3_PP1_EP3 pid=903266) INFO 03-13 12:05:56 [multiproc_executor.py:919] !!!!! WorkerProc enqueue_output.end rank=1 rpc_id=91 status=SUCCESS output_type=NoneType
(Worker_DP3_PP1_EP3 pid=903266) INFO 03-13 12:05:56 [multiproc_executor.py:950] !!!!! WorkerProc async_output_busy_loop.enqueue_done rank=1 rpc_id=91 output_type=NoneType
(EngineCore_DP3 pid=901872) INFO 03-13 12:05:56 [multiproc_executor.py:398] !!!!! Executor collective_rpc.wait_response.dequeue.end rpc_id=91 method=execute_model response_index=0 response_rpc_id=91 status=SUCCESS result_type=NoneType
(Worker_DP3_PP1_EP3 pid=903266) INFO 03-13 12:05:56 [model_runner_v1.py:1516] !!!!! DefaultStream sample_tokens.sample.end sampled_token_ids_shape=(1, 1)
(Worker_DP3_PP1_EP3 pid=903266) INFO 03-13 12:05:56 [model_runner_v1.py:1560] !!!!! DefaultStream sample_tokens.bookkeeping.end valid_rows=0 invalid_req_count=0
(Worker_DP3_PP1_EP3 pid=903266) INFO 03-13 12:05:56 [gpu_model_runner.py:230] !!!!! AsyncGPUModelRunnerOutput.init.begin sampled_token_ids_shape=(1, 1) invalid_req_count=0 has_logprobs=False device=npu:1 dtype=torch.int32 is_contiguous=True stride=(1, 1)
(Worker_DP3_PP1_EP3 pid=903266) INFO 03-13 12:05:56 [gpu_model_runner.py:243] !!!!! AsyncGPUModelRunnerOutput.init.wait_stream.begin
(Worker_DP3_PP1_EP3 pid=903266) INFO 03-13 12:05:56 [gpu_model_runner.py:245] !!!!! AsyncGPUModelRunnerOutput.init.wait_stream.end
(Worker_DP3_PP1_EP3 pid=903266) INFO 03-13 12:05:56 [gpu_model_runner.py:246] !!!!! AsyncGPUModelRunnerOutput.init.copy_submitted_event.begin
(Worker_DP3_PP1_EP3 pid=903266) INFO 03-13 12:05:56 [gpu_model_runner.py:250] !!!!! AsyncGPUModelRunnerOutput.init.copy_submitted_event.end
(Worker_DP3_PP1_EP3 pid=903266) INFO 03-13 12:05:56 [gpu_model_runner.py:251] !!!!! AsyncGPUModelRunnerOutput.init.token_copy.begin
(Worker_DP3_PP1_EP3 pid=903266) INFO 03-13 12:05:56 [gpu_model_runner.py:255] !!!!! AsyncGPUModelRunnerOutput.init.token_copy.end
(Worker_DP3_PP1_EP3 pid=903266) INFO 03-13 12:05:56 [gpu_model_runner.py:256] !!!!! AsyncGPUModelRunnerOutput.init.logprobs_copy.begin enabled=False
(Worker_DP3_PP1_EP3 pid=903266) INFO 03-13 12:05:56 [gpu_model_runner.py:265] !!!!! AsyncGPUModelRunnerOutput.init.logprobs_copy.end enabled=False
(Worker_DP3_PP1_EP3 pid=903266) INFO 03-13 12:05:56 [gpu_model_runner.py:269] !!!!! AsyncGPUModelRunnerOutput.init.event_record.begin
(Worker_DP3_PP1_EP3 pid=903266) INFO 03-13 12:05:56 [gpu_model_runner.py:271] !!!!! AsyncGPUModelRunnerOutput.init.event_record.end
(Worker_DP3_PP1_EP3 pid=903266) INFO 03-13 12:05:56 [gpu_model_runner.py:272] !!!!! AsyncGPUModelRunnerOutput.init.end sampled_token_ids_cpu_shape=(1, 1) has_logprobs=False
(Worker_DP3_PP1_EP3 pid=903266) INFO 03-13 12:05:56 [multiproc_executor.py:974] !!!!! WorkerProc busy_loop.func.end rank=1 rpc_id=92 method=sample_tokens output_type=AsyncGPUModelRunnerOutput will_reply=True
(Worker_DP3_PP1_EP3 pid=903266) INFO 03-13 12:05:56 [multiproc_executor.py:942] !!!!! WorkerProc async_output_busy_loop.dequeue rank=1 rpc_id=92 output_type=AsyncGPUModelRunnerOutput
(Worker_DP3_PP1_EP3 pid=903266) INFO 03-13 12:05:56 [gpu_model_runner.py:284] !!!!! AsyncGPUModelRunnerOutput.get_output.begin sampled_token_ids_cpu_shape=(1, 1) invalid_req_count=0 has_logprobs=False
(Worker_DP3_PP1_EP3 pid=903266) INFO 03-13 12:05:56 [gpu_model_runner.py:292] !!!!! AsyncGPUModelRunnerOutput.get_output.sync.begin max_gen_len=1
(Worker_DP3_PP1_EP3 pid=903266) INFO 03-13 12:05:56 [gpu_model_runner.py:301] !!!!! AsyncGPUModelRunnerOutput.get_output.sync.wait elapsed_ms=0 ready_event=False copy_submitted_event=False, stage_events={'hidden_states_recv_comm_done': False, 'hidden_states_local_copy_done': False}
(Worker_DP3_PP1_EP3 pid=903266) INFO 03-13 12:05:56 [multiproc_executor.py:974] !!!!! WorkerProc busy_loop.func.end rank=1 rpc_id=93 method=execute_model output_type=ModelRunnerOutput will_reply=True
(Worker_DP3_PP1_EP3 pid=903266) INFO 03-13 12:05:56 [gpu_model_runner.py:312] !!!!! AsyncGPUModelRunnerOutput.get_output.sync.poll elapsed_ms=100 ready_event=False copy_submitted_event=False, stage_events={'hidden_states_recv_comm_done': False, 'hidden_states_local_copy_done': False}
(Worker_DP3_PP1_EP3 pid=903266) INFO 03-13 12:05:56 [gpu_model_runner.py:312] !!!!! AsyncGPUModelRunnerOutput.get_output.sync.poll elapsed_ms=200 ready_event=False copy_submitted_event=False, stage_events={'hidden_states_recv_comm_done': False, 'hidden_states_local_copy_done': False}
(Worker_DP3_PP1_EP3 pid=903266) INFO 03-13 12:05:56 [gpu_model_runner.py:312] !!!!! AsyncGPUModelRunnerOutput.get_output.sync.poll elapsed_ms=300 ready_event=False copy_submitted_event=False, stage_events={'hidden_states_recv_comm_done': False, 'hidden_states_local_copy_done': False}
(Worker_DP3_PP1_EP3 pid=903266) INFO 03-13 12:05:56 [gpu_model_runner.py:312] !!!!! AsyncGPUModelRunnerOutput.get_output.sync.poll elapsed_ms=400 ready_event=False copy_submitted_event=False, stage_events={'hidden_states_recv_comm_done': False, 'hidden_states_local_copy_done': False}
(Worker_DP3_PP1_EP3 pid=903266) INFO 03-13 12:05:56 [gpu_model_runner.py:312] !!!!! AsyncGPUModelRunnerOutput.get_output.sync.poll elapsed_ms=500 ready_event=False copy_submitted_event=False, stage_events={'hidden_states_recv_comm_done': False, 'hidden_states_local_copy_done': False}
(Worker_DP3_PP1_EP3 pid=903266) INFO 03-13 12:05:56 [gpu_model_runner.py:312] !!!!! AsyncGPUModelRunnerOutput.get_output.sync.poll elapsed_ms=601 ready_event=False copy_submitted_event=False, stage_events={'hidden_states_recv_comm_done': False, 'hidden_states_local_copy_done': False}
(Worker_DP3_PP1_EP3 pid=903266) INFO 03-13 12:05:56 [gpu_model_runner.py:312] !!!!! AsyncGPUModelRunnerOutput.get_output.sync.poll elapsed_ms=701 ready_event=False copy_submitted_event=False, stage_events={'hidden_states_recv_comm_done': False, 'hidden_states_local_copy_done': False}
(Worker_DP3_PP1_EP3 pid=903266) INFO 03-13 12:05:57 [gpu_model_runner.py:312] !!!!! AsyncGPUModelRunnerOutput.get_output.sync.poll elapsed_ms=801 ready_event=False copy_submitted_event=False, stage_events={'hidden_states_recv_comm_done': False, 'hidden_states_local_copy_done': False}
(Worker_DP3_PP1_EP3 pid=903266) INFO 03-13 12:05:57 [gpu_model_runner.py:312] !!!!! AsyncGPUModelRunnerOutput.get_output.sync.poll elapsed_ms=901 ready_event=False copy_submitted_event=False, stage_events={'hidden_states_recv_comm_done': False, 'hidden_states_local_copy_done': False}
(Worker_DP3_PP1_EP3 pid=903266) INFO 03-13 12:05:57 [gpu_model_runner.py:312] !!!!! AsyncGPUModelRunnerOutput.get_output.sync.poll elapsed_ms=1002 ready_event=False copy_submitted_event=False, stage_events={'hidden_states_recv_comm_done': False, 'hidden_states_local_copy_done': False}
(Worker_DP3_PP1_EP3 pid=903266) INFO 03-13 12:05:58 [gpu_model_runner.py:312] !!!!! AsyncGPUModelRunnerOutput.get_output.sync.poll elapsed_ms=2003 ready_event=False copy_submitted_event=False, stage_events={'hidden_states_recv_comm_done': False, 'hidden_states_local_copy_done': False}
